remove material all
delete block all
create material 1
modify material 1 name 'test_mat_1'
modify material 1 set property 'VP' value 1581.34
modify material 1 set property 'VS' value 868.881
modify material 1 set property 'DENSITY' value 1898
block 1 add surface 1
block 1 material 1 cs 1 category plane order 3 
create material 2
modify material 2 name 'test_mat_2'
modify material 2 set property 'VP' value 1612.85
modify material 2 set property 'VS' value 886.2115
modify material 2 set property 'DENSITY' value 1906
block 2 add surface 2
block 2 material 2 cs 1 category plane order 3 
create material 3
modify material 3 name 'test_mat_3'
modify material 3 set property 'VP' value 1791.58
modify material 3 set property 'VS' value 984.513
modify material 3 set property 'DENSITY' value 1945
block 3 add surface 3
block 3 material 3 cs 1 category plane order 3 
create material 4
modify material 4 name 'test_mat_4'
modify material 4 set property 'VP' value 2118.46
modify material 4 set property 'VS' value 1164.297
modify material 4 set property 'DENSITY' value 2016
block 4 add surface 4
block 4 material 4 cs 1 category plane order 3 
create material 5
modify material 5 name 'test_mat_5'
modify material 5 set property 'VP' value 2565.47
modify material 5 set property 'VS' value 1410.1525
modify material 5 set property 'DENSITY' value 2108
block 5 add surface 5
block 5 material 5 cs 1 category plane order 3 
create material 6
modify material 6 name 'test_mat_6'
modify material 6 set property 'VP' value 2380.6
modify material 6 set property 'VS' value 1308.474
modify material 6 set property 'DENSITY' value 2071
block 6 add surface 6
block 6 material 6 cs 1 category plane order 3 
create material 7
modify material 7 name 'test_mat_7'
modify material 7 set property 'VP' value 2819.71
modify material 7 set property 'VS' value 1549.9845
modify material 7 set property 'DENSITY' value 2159
block 7 add surface 7
block 7 material 7 cs 1 category plane order 3 
create material 8
modify material 8 name 'test_mat_8'
modify material 8 set property 'VP' value 2884.7
modify material 8 set property 'VS' value 1585.729
modify material 8 set property 'DENSITY' value 2172
block 8 add surface 8
block 8 material 8 cs 1 category plane order 3 
create material 9
modify material 9 name 'test_mat_9'
modify material 9 set property 'VP' value 2993.5
modify material 9 set property 'VS' value 1645.569
modify material 9 set property 'DENSITY' value 2193
block 9 add surface 9
block 9 material 9 cs 1 category plane order 3 
create material 10
modify material 10 name 'test_mat_10'
modify material 10 set property 'VP' value 2899.18
modify material 10 set property 'VS' value 1593.693
modify material 10 set property 'DENSITY' value 2175
block 10 add surface 10
block 10 material 10 cs 1 category plane order 3 
create material 11
modify material 11 name 'test_mat_11'
modify material 11 set property 'VP' value 2828.94
modify material 11 set property 'VS' value 1555.061
modify material 11 set property 'DENSITY' value 2161
block 11 add surface 11
block 11 material 11 cs 1 category plane order 3 
create material 12
modify material 12 name 'test_mat_12'
modify material 12 set property 'VP' value 3027.67
modify material 12 set property 'VS' value 1664.3625
modify material 12 set property 'DENSITY' value 2199
block 12 add surface 12
block 12 material 12 cs 1 category plane order 3 
create material 13
modify material 13 name 'test_mat_13'
modify material 13 set property 'VP' value 3168.95
modify material 13 set property 'VS' value 1742.0665
modify material 13 set property 'DENSITY' value 2226
block 13 add surface 13
block 13 material 13 cs 1 category plane order 3 
create material 14
modify material 14 name 'test_mat_14'
modify material 14 set property 'VP' value 3748.95
modify material 14 set property 'VS' value 2061.0665
modify material 14 set property 'DENSITY' value 2331
block 14 add surface 14
block 14 material 14 cs 1 category plane order 3 
create material 15
modify material 15 name 'test_mat_15'
modify material 15 set property 'VP' value 3609.3
modify material 15 set property 'VS' value 1984.259
modify material 15 set property 'DENSITY' value 2307
block 15 add surface 15
block 15 material 15 cs 1 category plane order 3 
create material 16
modify material 16 name 'test_mat_16'
modify material 16 set property 'VP' value 3164.06
modify material 16 set property 'VS' value 1739.377
modify material 16 set property 'DENSITY' value 2225
block 16 add surface 16
block 16 material 16 cs 1 category plane order 3 
create material 17
modify material 17 name 'test_mat_17'
modify material 17 set property 'VP' value 3497.74
modify material 17 set property 'VS' value 1922.901
modify material 17 set property 'DENSITY' value 2287
block 17 add surface 17
block 17 material 17 cs 1 category plane order 3 
