# Построение сетки модели с разломом
imprint all
merge all

delete mesh surface all propagate
delete mesh curve all propagate


# --- Section 1 ---
surface 1 scheme pave
surface 1 size 10.0
surface 2 scheme pave
surface 2 size 13.2
surface 3 scheme pave
surface 3 size 12.1
surface 4 scheme pave
surface 4 size 12.5
surface 5 scheme pave
surface 5 size 12.7
surface 6 scheme pave
surface 6 size 13.2
surface 7 scheme pave
surface 7 size 12.9
surface 8 scheme pave
surface 8 size 12.8
surface 9 scheme pave
surface 9 size 13.3
surface 10 scheme pave
surface 10 size 13.7
surface 11 scheme pave
surface 11 size 13.5
surface 12 scheme pave
surface 12 size 13.4
surface 13 scheme pave
surface 13 size 12.9
surface 14 scheme pave
surface 14 size 13.6
surface 15 scheme pave
surface 15 size 13.4
surface 16 scheme pave
surface 16 size 12.9
surface 17 scheme pave
surface 17 size 13.1
surface 18 scheme pave
surface 18 size 15.1
surface 19 scheme pave
surface 19 size 13.6
surface 20 scheme pave
surface 20 size 14.1
surface 21 scheme pave
surface 21 size 14.8
surface 22 scheme pave
surface 22 size 14.8
surface 23 scheme pave
surface 23 size 14.8
surface 24 scheme pave
surface 24 size 14.6
surface 25 scheme pave
surface 25 size 16.1
surface 26 scheme pave
surface 26 size 16.6
surface 27 scheme pave
surface 27 size 17.1
surface 28 scheme pave
surface 28 size 17.3
surface 29 scheme pave
surface 29 size 18.0
surface 30 scheme pave
surface 30 size 16.9
surface 31 scheme pave
surface 31 size 16.7
surface 32 scheme pave
surface 32 size 19.1
surface 33 scheme pave
surface 33 size 19.2
surface 34 scheme pave
surface 34 size 20.1
surface 35 scheme pave
surface 35 size 20.4
surface 36 scheme pave
surface 36 size 19.8
surface 37 scheme pave
surface 37 size 19.5
surface 38 scheme pave
surface 38 size 19.3
surface 39 scheme pave
surface 39 size 19.6
surface 40 scheme pave
surface 40 size 20.0
surface 41 scheme pave
surface 41 size 19.9
surface 42 scheme pave
surface 42 size 20.7
surface 43 scheme pave
surface 43 size 23.1
surface 44 scheme pave
surface 44 size 23.2
surface 45 scheme pave
surface 45 size 23.2
surface 46 scheme pave
surface 46 size 23.9
surface 47 scheme pave
surface 47 size 21.9
surface 48 scheme pave
surface 48 size 23.8
surface 49 scheme pave
surface 49 size 23.5
surface 50 scheme pave
surface 50 size 24.9
surface 51 scheme pave
surface 51 size 25.4
surface 52 scheme pave
surface 52 size 25.0
surface 53 scheme pave
surface 53 size 25.1
surface 54 scheme pave
surface 54 size 25.1
surface 55 scheme pave
surface 55 size 24.9
surface 56 scheme pave
surface 56 size 24.9
surface 57 scheme pave
surface 57 size 26.0
surface 58 scheme pave
surface 58 size 25.0
surface 59 scheme pave
surface 59 size 22.9
surface 60 scheme pave
surface 60 size 23.3
surface 61 scheme pave
surface 61 size 22.7
surface 62 scheme pave
surface 62 size 22.6
surface 63 scheme pave
surface 63 size 22.6
surface 64 scheme pave
surface 64 size 22.8
surface 65 scheme pave
surface 65 size 23.0
surface 66 scheme pave
surface 66 size 23.0
surface 67 scheme pave
surface 67 size 23.7
surface 68 scheme pave
surface 68 size 25.8
surface 69 scheme pave
surface 69 size 23.6
surface 70 scheme pave
surface 70 size 22.9
surface 71 scheme pave
surface 71 size 23.5
surface 72 scheme pave
surface 72 size 25.0
surface 73 scheme pave
surface 73 size 24.9
surface 74 scheme pave
surface 74 size 24.8
surface 75 scheme pave
surface 75 size 36.9

# --- Section 2 ---
surface 76 scheme pave
surface 76 size 10.0
surface 77 scheme pave
surface 77 size 13.2
surface 78 scheme pave
surface 78 size 12.1
surface 79 scheme pave
surface 79 size 12.5
surface 80 scheme pave
surface 80 size 12.7
surface 81 scheme pave
surface 81 size 13.2
surface 82 scheme pave
surface 82 size 12.9
surface 83 scheme pave
surface 83 size 12.8
surface 84 scheme pave
surface 84 size 13.3
surface 85 scheme pave
surface 85 size 13.7
surface 86 scheme pave
surface 86 size 13.5
surface 87 scheme pave
surface 87 size 13.4
surface 88 scheme pave
surface 88 size 12.9
surface 89 scheme pave
surface 89 size 13.6
surface 90 scheme pave
surface 90 size 13.4
surface 91 scheme pave
surface 91 size 12.9
surface 92 scheme pave
surface 92 size 13.1
surface 93 scheme pave
surface 93 size 15.1
surface 94 scheme pave
surface 94 size 13.6
surface 95 scheme pave
surface 95 size 14.1
surface 96 scheme pave
surface 96 size 14.8
surface 97 scheme pave
surface 97 size 14.8
surface 98 scheme pave
surface 98 size 14.8
surface 99 scheme pave
surface 99 size 14.6
surface 100 scheme pave
surface 100 size 16.1
surface 101 scheme pave
surface 101 size 16.6
surface 102 scheme pave
surface 102 size 17.1
surface 103 scheme pave
surface 103 size 17.3
surface 104 scheme pave
surface 104 size 18.0
surface 105 scheme pave
surface 105 size 16.9
surface 106 scheme pave
surface 106 size 16.7
surface 107 scheme pave
surface 107 size 19.1
surface 108 scheme pave
surface 108 size 19.2
surface 109 scheme pave
surface 109 size 20.1
surface 110 scheme pave
surface 110 size 20.4
surface 111 scheme pave
surface 111 size 19.8
surface 112 scheme pave
surface 112 size 19.5
surface 113 scheme pave
surface 113 size 19.3
surface 114 scheme pave
surface 114 size 19.6
surface 115 scheme pave
surface 115 size 20.0
surface 116 scheme pave
surface 116 size 19.9
surface 117 scheme pave
surface 117 size 20.7
surface 118 scheme pave
surface 118 size 23.1
surface 119 scheme pave
surface 119 size 23.2
surface 120 scheme pave
surface 120 size 23.2
surface 121 scheme pave
surface 121 size 23.9
surface 122 scheme pave
surface 122 size 21.9
surface 123 scheme pave
surface 123 size 23.8
surface 124 scheme pave
surface 124 size 23.5
surface 125 scheme pave
surface 125 size 24.9
surface 126 scheme pave
surface 126 size 25.4
surface 127 scheme pave
surface 127 size 25.0
surface 128 scheme pave
surface 128 size 25.1
surface 129 scheme pave
surface 129 size 25.1
surface 130 scheme pave
surface 130 size 24.9
surface 131 scheme pave
surface 131 size 24.9
surface 132 scheme pave
surface 132 size 26.0
surface 133 scheme pave
surface 133 size 25.0
surface 134 scheme pave
surface 134 size 22.9
surface 135 scheme pave
surface 135 size 23.3
surface 136 scheme pave
surface 136 size 22.7
surface 137 scheme pave
surface 137 size 22.6
surface 138 scheme pave
surface 138 size 22.6
surface 139 scheme pave
surface 139 size 22.8
surface 140 scheme pave
surface 140 size 23.0
surface 141 scheme pave
surface 141 size 23.0
surface 142 scheme pave
surface 142 size 23.7
surface 143 scheme pave
surface 143 size 25.8
surface 144 scheme pave
surface 144 size 23.6
surface 145 scheme pave
surface 145 size 22.9
surface 146 scheme pave
surface 146 size 23.5
surface 147 scheme pave
surface 147 size 25.0
surface 148 scheme pave
surface 148 size 24.9
surface 149 scheme pave
surface 149 size 24.8
surface 150 scheme pave
surface 150 size 36.9

# --- Section 3 ---
surface 151 scheme pave
surface 151 size 10.0
surface 152 scheme pave
surface 152 size 13.2
surface 153 scheme pave
surface 153 size 12.1
surface 154 scheme pave
surface 154 size 12.5
surface 155 scheme pave
surface 155 size 12.7
surface 156 scheme pave
surface 156 size 13.2
surface 157 scheme pave
surface 157 size 12.9
surface 158 scheme pave
surface 158 size 12.8
surface 159 scheme pave
surface 159 size 13.3
surface 160 scheme pave
surface 160 size 13.7
surface 161 scheme pave
surface 161 size 13.5
surface 162 scheme pave
surface 162 size 13.4
surface 163 scheme pave
surface 163 size 12.9
surface 164 scheme pave
surface 164 size 13.6
surface 165 scheme pave
surface 165 size 13.4
surface 166 scheme pave
surface 166 size 12.9
surface 167 scheme pave
surface 167 size 13.1
surface 168 scheme pave
surface 168 size 15.1
surface 169 scheme pave
surface 169 size 13.6
surface 170 scheme pave
surface 170 size 14.1
surface 171 scheme pave
surface 171 size 14.8
surface 172 scheme pave
surface 172 size 14.8
surface 173 scheme pave
surface 173 size 14.8
surface 174 scheme pave
surface 174 size 14.6
surface 175 scheme pave
surface 175 size 16.1
surface 176 scheme pave
surface 176 size 16.6
surface 177 scheme pave
surface 177 size 17.1
surface 178 scheme pave
surface 178 size 17.3
surface 179 scheme pave
surface 179 size 18.0
surface 180 scheme pave
surface 180 size 16.9
surface 181 scheme pave
surface 181 size 16.7
surface 182 scheme pave
surface 182 size 19.1
surface 183 scheme pave
surface 183 size 19.2
surface 184 scheme pave
surface 184 size 20.1
surface 185 scheme pave
surface 185 size 20.4
surface 186 scheme pave
surface 186 size 19.8
surface 187 scheme pave
surface 187 size 19.5
surface 188 scheme pave
surface 188 size 19.3
surface 189 scheme pave
surface 189 size 19.6
surface 190 scheme pave
surface 190 size 20.0
surface 191 scheme pave
surface 191 size 19.9
surface 192 scheme pave
surface 192 size 20.7
surface 193 scheme pave
surface 193 size 23.1
surface 194 scheme pave
surface 194 size 23.2
surface 195 scheme pave
surface 195 size 23.2
surface 196 scheme pave
surface 196 size 23.9
surface 197 scheme pave
surface 197 size 21.9
surface 198 scheme pave
surface 198 size 23.8
surface 199 scheme pave
surface 199 size 23.5
surface 200 scheme pave
surface 200 size 24.9
surface 201 scheme pave
surface 201 size 25.4
surface 202 scheme pave
surface 202 size 25.0
surface 203 scheme pave
surface 203 size 25.1
surface 204 scheme pave
surface 204 size 25.1
surface 205 scheme pave
surface 205 size 24.9
surface 206 scheme pave
surface 206 size 24.9
surface 207 scheme pave
surface 207 size 26.0
surface 208 scheme pave
surface 208 size 25.0
surface 209 scheme pave
surface 209 size 22.9
surface 210 scheme pave
surface 210 size 23.3
surface 211 scheme pave
surface 211 size 22.7
surface 212 scheme pave
surface 212 size 22.6
surface 213 scheme pave
surface 213 size 22.6
surface 214 scheme pave
surface 214 size 22.8
surface 215 scheme pave
surface 215 size 23.0
surface 216 scheme pave
surface 216 size 23.0
surface 217 scheme pave
surface 217 size 23.7
surface 218 scheme pave
surface 218 size 25.8
surface 219 scheme pave
surface 219 size 23.6
surface 220 scheme pave
surface 220 size 22.9
surface 221 scheme pave
surface 221 size 23.5
surface 222 scheme pave
surface 222 size 25.0
surface 223 scheme pave
surface 223 size 24.9
surface 224 scheme pave
surface 224 size 24.8
surface 225 scheme pave
surface 225 size 36.9

# --- Section 4 ---
surface 226 scheme pave
surface 226 size 10.0
surface 227 scheme pave
surface 227 size 13.2
surface 228 scheme pave
surface 228 size 12.1
surface 229 scheme pave
surface 229 size 12.5
surface 230 scheme pave
surface 230 size 12.7
surface 231 scheme pave
surface 231 size 13.2
surface 232 scheme pave
surface 232 size 12.9
surface 233 scheme pave
surface 233 size 12.8
surface 234 scheme pave
surface 234 size 13.3
surface 235 scheme pave
surface 235 size 13.7
surface 236 scheme pave
surface 236 size 13.5
surface 237 scheme pave
surface 237 size 13.4
surface 238 scheme pave
surface 238 size 12.9
surface 239 scheme pave
surface 239 size 13.6
surface 240 scheme pave
surface 240 size 13.4
surface 241 scheme pave
surface 241 size 12.9
surface 242 scheme pave
surface 242 size 13.1
surface 243 scheme pave
surface 243 size 15.1
surface 244 scheme pave
surface 244 size 13.6
surface 245 scheme pave
surface 245 size 14.1
surface 246 scheme pave
surface 246 size 14.8
surface 247 scheme pave
surface 247 size 14.8
surface 248 scheme pave
surface 248 size 14.8
surface 249 scheme pave
surface 249 size 14.6
surface 250 scheme pave
surface 250 size 16.1
surface 251 scheme pave
surface 251 size 16.6
surface 252 scheme pave
surface 252 size 17.1
surface 253 scheme pave
surface 253 size 17.3
surface 254 scheme pave
surface 254 size 18.0
surface 255 scheme pave
surface 255 size 16.9
surface 256 scheme pave
surface 256 size 16.7
surface 257 scheme pave
surface 257 size 19.1
surface 258 scheme pave
surface 258 size 19.2
surface 259 scheme pave
surface 259 size 20.1
surface 260 scheme pave
surface 260 size 20.4
surface 261 scheme pave
surface 261 size 19.8
surface 262 scheme pave
surface 262 size 19.5
surface 263 scheme pave
surface 263 size 19.3
surface 264 scheme pave
surface 264 size 19.6
surface 265 scheme pave
surface 265 size 20.0
surface 266 scheme pave
surface 266 size 19.9
surface 267 scheme pave
surface 267 size 20.7
surface 268 scheme pave
surface 268 size 23.1
surface 269 scheme pave
surface 269 size 23.2
surface 270 scheme pave
surface 270 size 23.2
surface 271 scheme pave
surface 271 size 23.9
surface 272 scheme pave
surface 272 size 21.9
surface 273 scheme pave
surface 273 size 23.8
surface 274 scheme pave
surface 274 size 23.5
surface 275 scheme pave
surface 275 size 24.9
surface 276 scheme pave
surface 276 size 25.4
surface 277 scheme pave
surface 277 size 25.0
surface 278 scheme pave
surface 278 size 25.1
surface 279 scheme pave
surface 279 size 25.1
surface 280 scheme pave
surface 280 size 24.9
surface 281 scheme pave
surface 281 size 24.9
surface 282 scheme pave
surface 282 size 26.0
surface 283 scheme pave
surface 283 size 25.0
surface 284 scheme pave
surface 284 size 22.9
surface 285 scheme pave
surface 285 size 23.3
surface 286 scheme pave
surface 286 size 22.7
surface 287 scheme pave
surface 287 size 22.6
surface 288 scheme pave
surface 288 size 22.6
surface 289 scheme pave
surface 289 size 22.8
surface 290 scheme pave
surface 290 size 23.0
surface 291 scheme pave
surface 291 size 23.0
surface 292 scheme pave
surface 292 size 23.7
surface 293 scheme pave
surface 293 size 25.8
surface 294 scheme pave
surface 294 size 23.6
surface 295 scheme pave
surface 295 size 22.9
surface 296 scheme pave
surface 296 size 23.5
surface 297 scheme pave
surface 297 size 25.0
surface 298 scheme pave
surface 298 size 24.9
surface 299 scheme pave
surface 299 size 24.8
surface 300 scheme pave
surface 300 size 36.9

mesh surface all
