modify material 1 set property 'MODULUS' value 5091581258.43416
modify material 1 set property 'POISSON' value 0.2837440855026249
modify material 1 set property 'DENSITY' value 1935.6001971250018
modify material 1 set property 'MASS_MATRIX_DAMPING' value 0
modify material 2 set property 'MODULUS' value 4756431722.949316
modify material 2 set property 'POISSON' value 0.28375428699587996
modify material 2 set property 'DENSITY' value 1925.9721729166683
modify material 2 set property 'MASS_MATRIX_DAMPING' value 0
modify material 3 set property 'MODULUS' value 4305632205.242481
modify material 3 set property 'POISSON' value 0.28377218689823236
modify material 3 set property 'DENSITY' value 1911.6564487857156
modify material 3 set property 'MASS_MATRIX_DAMPING' value 0
modify material 4 set property 'MODULUS' value 3898773538.922459
modify material 4 set property 'POISSON' value 0.2837780244674024
modify material 4 set property 'DENSITY' value 1900.9547165714296
modify material 4 set property 'MASS_MATRIX_DAMPING' value 0
modify material 5 set property 'MODULUS' value 4400177539.546408
modify material 5 set property 'POISSON' value 0.28372928876674847
modify material 5 set property 'DENSITY' value 1925.5735855000005
modify material 5 set property 'MASS_MATRIX_DAMPING' value 0
modify material 6 set property 'MODULUS' value 5117282510.006594
modify material 6 set property 'POISSON' value 0.2836850495118144
modify material 6 set property 'DENSITY' value 1954.0540568333336
modify material 6 set property 'MASS_MATRIX_DAMPING' value 0
modify material 7 set property 'MODULUS' value 4944203921.59557
modify material 7 set property 'POISSON' value 0.28369352300613065
modify material 7 set property 'DENSITY' value 1947.7716019999998
modify material 7 set property 'MASS_MATRIX_DAMPING' value 0
modify material 8 set property 'MODULUS' value 4323732070.573265
modify material 8 set property 'POISSON' value 0.2837255980831355
modify material 8 set property 'DENSITY' value 1924.7893565833335
modify material 8 set property 'MASS_MATRIX_DAMPING' value 0
modify material 9 set property 'MODULUS' value 4377646911.922735
modify material 9 set property 'POISSON' value 0.28372278392250294
modify material 9 set property 'DENSITY' value 1926.7831731428575
modify material 9 set property 'MASS_MATRIX_DAMPING' value 0
modify material 10 set property 'MODULUS' value 4435224575.378041
modify material 10 set property 'POISSON' value 0.28371846965224845
modify material 10 set property 'DENSITY' value 1929.3191765000004
modify material 10 set property 'MASS_MATRIX_DAMPING' value 0
modify material 11 set property 'MODULUS' value 4172927858.4732623
modify material 11 set property 'POISSON' value 0.28373197958478785
modify material 11 set property 'DENSITY' value 1919.5990081000002
modify material 11 set property 'MASS_MATRIX_DAMPING' value 0
modify material 12 set property 'MODULUS' value 4099421977.371604
modify material 12 set property 'POISSON' value 0.28373687061062774
modify material 12 set property 'DENSITY' value 1916.5403587857145
modify material 12 set property 'MASS_MATRIX_DAMPING' value 0
modify material 13 set property 'MODULUS' value 4080886200.5455036
modify material 13 set property 'POISSON' value 0.2837412845494555
modify material 13 set property 'DENSITY' value 1914.7978243333334
modify material 13 set property 'MASS_MATRIX_DAMPING' value 0
modify material 14 set property 'MODULUS' value 4277540180.175514
modify material 14 set property 'POISSON' value 0.2837298670031024
modify material 14 set property 'DENSITY' value 1922.5318124000003
modify material 14 set property 'MASS_MATRIX_DAMPING' value 0
modify material 15 set property 'MODULUS' value 4074441358.4635205
modify material 15 set property 'POISSON' value 0.2837396560880681
modify material 15 set property 'DENSITY' value 1915.165799
modify material 15 set property 'MASS_MATRIX_DAMPING' value 0
modify material 16 set property 'MODULUS' value 4464527691.567565
modify material 16 set property 'POISSON' value 0.2837202089574681
modify material 16 set property 'DENSITY' value 1929.4360837000002
modify material 16 set property 'MASS_MATRIX_DAMPING' value 0
modify material 17 set property 'MODULUS' value 4916487340.74332
modify material 17 set property 'POISSON' value 0.2836950605211278
modify material 17 set property 'DENSITY' value 1946.7562048000002
modify material 17 set property 'MASS_MATRIX_DAMPING' value 0
modify material 18 set property 'MODULUS' value 4963157601.962904
modify material 18 set property 'POISSON' value 0.2836907215191132
modify material 18 set property 'DENSITY' value 1949.0843093333333
modify material 18 set property 'MASS_MATRIX_DAMPING' value 0
modify material 19 set property 'MODULUS' value 4760855418.674745
modify material 19 set property 'POISSON' value 0.28369882132755214
modify material 19 set property 'DENSITY' value 1942.345454833333
modify material 19 set property 'MASS_MATRIX_DAMPING' value 0
modify material 20 set property 'MODULUS' value 4891226302.777599
modify material 20 set property 'POISSON' value 0.283692126842931
modify material 20 set property 'DENSITY' value 1947.1825875000002
modify material 20 set property 'MASS_MATRIX_DAMPING' value 0
modify material 21 set property 'MODULUS' value 5238072153.52901
modify material 21 set property 'POISSON' value 0.2836767462004118
modify material 21 set property 'DENSITY' value 1959.2309267857145
modify material 21 set property 'MASS_MATRIX_DAMPING' value 0
modify material 22 set property 'MODULUS' value 5467972497.0450535
modify material 22 set property 'POISSON' value 0.2836663622545111
modify material 22 set property 'DENSITY' value 1967.2783324285715
modify material 22 set property 'MASS_MATRIX_DAMPING' value 0
modify material 23 set property 'MODULUS' value 5039462519.793225
modify material 23 set property 'POISSON' value 0.28368494041367087
modify material 23 set property 'DENSITY' value 1952.5350572500001
modify material 23 set property 'MASS_MATRIX_DAMPING' value 0
modify material 24 set property 'MODULUS' value 5144012308.559236
modify material 24 set property 'POISSON' value 0.2836802032855856
modify material 24 set property 'DENSITY' value 1956.2126188999998
modify material 24 set property 'MASS_MATRIX_DAMPING' value 0
modify material 25 set property 'MODULUS' value 6044756762.914138
modify material 25 set property 'POISSON' value 0.2836437166064678
modify material 25 set property 'DENSITY' value 1986.2434198684211
modify material 25 set property 'MASS_MATRIX_DAMPING' value 0
modify material 26 set property 'MODULUS' value 7515306099.938521
modify material 26 set property 'POISSON' value 0.2835979554157159
modify material 26 set property 'DENSITY' value 2029.6982637142855
modify material 26 set property 'MASS_MATRIX_DAMPING' value 0
modify material 27 set property 'MODULUS' value 7850697016.430442
modify material 27 set property 'POISSON' value 0.2835884219392452
modify material 27 set property 'DENSITY' value 2039.2325084374997
modify material 27 set property 'MASS_MATRIX_DAMPING' value 0
modify material 28 set property 'MODULUS' value 7030886408.818435
modify material 28 set property 'POISSON' value 0.2836110270177456
modify material 28 set property 'DENSITY' value 2016.2671355
modify material 28 set property 'MASS_MATRIX_DAMPING' value 0
modify material 29 set property 'MODULUS' value 6716154053.67391
modify material 29 set property 'POISSON' value 0.28362062510789093
modify material 29 set property 'DENSITY' value 2007.0124137000003
modify material 29 set property 'MASS_MATRIX_DAMPING' value 0
modify material 30 set property 'MODULUS' value 7453965618.561559
modify material 30 set property 'POISSON' value 0.2836008007394086
modify material 30 set property 'DENSITY' value 2027.411501416667
modify material 30 set property 'MASS_MATRIX_DAMPING' value 0
modify material 31 set property 'MODULUS' value 8308639433.880974
modify material 31 set property 'POISSON' value 0.2835779541430595
modify material 31 set property 'DENSITY' value 2051.005972857143
modify material 31 set property 'MASS_MATRIX_DAMPING' value 0
modify material 32 set property 'MODULUS' value 8466485367.518229
modify material 32 set property 'POISSON' value 0.2835736658155067
modify material 32 set property 'DENSITY' value 2055.4138699285713
modify material 32 set property 'MASS_MATRIX_DAMPING' value 0
modify material 33 set property 'MODULUS' value 9029587857.524256
modify material 33 set property 'POISSON' value 0.28356219976122005
modify material 33 set property 'DENSITY' value 2069.116558653846
modify material 33 set property 'MASS_MATRIX_DAMPING' value 0
modify material 34 set property 'MODULUS' value 9876700858.96347
modify material 34 set property 'POISSON' value 0.2835459890647988
modify material 34 set property 'DENSITY' value 2089.129678
modify material 34 set property 'MASS_MATRIX_DAMPING' value 0
modify material 35 set property 'MODULUS' value 9875145403.659344
modify material 35 set property 'POISSON' value 0.2835460029043939
modify material 35 set property 'DENSITY' value 2089.1022488636363
modify material 35 set property 'MASS_MATRIX_DAMPING' value 0
modify material 36 set property 'MODULUS' value 9675092152.276024
modify material 36 set property 'POISSON' value 0.28354992090962033
modify material 36 set property 'DENSITY' value 2084.3124502777778
modify material 36 set property 'MASS_MATRIX_DAMPING' value 0
modify material 37 set property 'MODULUS' value 9241541927.39172
modify material 37 set property 'POISSON' value 0.28355787171872754
modify material 37 set property 'DENSITY' value 2074.279217681818
modify material 37 set property 'MASS_MATRIX_DAMPING' value 0
modify material 38 set property 'MODULUS' value 9716204592.910656
modify material 38 set property 'POISSON' value 0.2835488648657229
modify material 38 set property 'DENSITY' value 2085.456218166667
modify material 38 set property 'MASS_MATRIX_DAMPING' value 0
modify material 39 set property 'MODULUS' value 10457486650.609114
modify material 39 set property 'POISSON' value 0.2835371095888303
modify material 39 set property 'DENSITY' value 2101.4345946666667
modify material 39 set property 'MASS_MATRIX_DAMPING' value 0
modify material 40 set property 'MODULUS' value 12067338625.51829
modify material 40 set property 'POISSON' value 0.2835146297106269
modify material 40 set property 'DENSITY' value 2134.0474143
modify material 40 set property 'MASS_MATRIX_DAMPING' value 0
modify material 41 set property 'MODULUS' value 13483998876.231352
modify material 41 set property 'POISSON' value 0.2834955946903855
modify material 41 set property 'DENSITY' value 2162.222093833333
modify material 41 set property 'MASS_MATRIX_DAMPING' value 0
modify material 42 set property 'MODULUS' value 13621742234.229145
modify material 42 set property 'POISSON' value 0.2834938755757252
modify material 42 set property 'DENSITY' value 2164.8711084
modify material 42 set property 'MASS_MATRIX_DAMPING' value 0
modify material 43 set property 'MODULUS' value 13507076213.430496
modify material 43 set property 'POISSON' value 0.2834950181190644
modify material 43 set property 'DENSITY' value 2162.8967713666666
modify material 43 set property 'MASS_MATRIX_DAMPING' value 0
modify material 44 set property 'MODULUS' value 14042055410.315113
modify material 44 set property 'POISSON' value 0.2834892807876965
modify material 44 set property 'DENSITY' value 2172.4406351000002
modify material 44 set property 'MASS_MATRIX_DAMPING' value 0
modify material 45 set property 'MODULUS' value 14350525857.251562
modify material 45 set property 'POISSON' value 0.28348600548722136
modify material 45 set property 'DENSITY' value 2177.9204092142854
modify material 45 set property 'MASS_MATRIX_DAMPING' value 0
modify material 46 set property 'MODULUS' value 14526922827.655882
modify material 46 set property 'POISSON' value 0.2834842402596897
modify material 46 set property 'DENSITY' value 2180.96071975
modify material 46 set property 'MASS_MATRIX_DAMPING' value 0
modify material 47 set property 'MODULUS' value 14427213603.502987
modify material 47 set property 'POISSON' value 0.28348541211554246
modify material 47 set property 'DENSITY' value 2179.0878119
modify material 47 set property 'MASS_MATRIX_DAMPING' value 0
modify material 48 set property 'MODULUS' value 14355520003.822578
modify material 48 set property 'POISSON' value 0.28348664700271364
modify material 48 set property 'DENSITY' value 2177.422059714286
modify material 48 set property 'MASS_MATRIX_DAMPING' value 0
modify material 49 set property 'MODULUS' value 15555161860.241987
modify material 49 set property 'POISSON' value 0.2834752231533344
modify material 49 set property 'DENSITY' value 2197.573989388889
modify material 49 set property 'MASS_MATRIX_DAMPING' value 0
modify material 50 set property 'MODULUS' value 16525135828.308596
modify material 50 set property 'POISSON' value 0.28346602730582104
modify material 50 set property 'DENSITY' value 2213.8070137
modify material 50 set property 'MASS_MATRIX_DAMPING' value 0
modify material 51 set property 'MODULUS' value 16588780847.305212
modify material 51 set property 'POISSON' value 0.2834654617862638
modify material 51 set property 'DENSITY' value 2214.8422325714287
modify material 51 set property 'MASS_MATRIX_DAMPING' value 0
modify material 52 set property 'MODULUS' value 15914034409.626614
modify material 52 set property 'POISSON' value 0.2834711638412086
modify material 52 set property 'DENSITY' value 2204.1645431999996
modify material 52 set property 'MASS_MATRIX_DAMPING' value 0
modify material 53 set property 'MODULUS' value 16257508547.073822
modify material 53 set property 'POISSON' value 0.28346818955359276
modify material 53 set property 'DENSITY' value 2209.670442
modify material 53 set property 'MASS_MATRIX_DAMPING' value 0
modify material 54 set property 'MODULUS' value 16018207018.847595
modify material 54 set property 'POISSON' value 0.28347030059820155
modify material 54 set property 'DENSITY' value 2205.7966619999997
modify material 54 set property 'MASS_MATRIX_DAMPING' value 0
modify material 55 set property 'MODULUS' value 16586327106.052158
modify material 55 set property 'POISSON' value 0.28346573406189624
modify material 55 set property 'DENSITY' value 2214.549901
modify material 55 set property 'MASS_MATRIX_DAMPING' value 0
modify material 56 set property 'MODULUS' value 17349682785.346066
modify material 56 set property 'POISSON' value 0.28345963613313696
modify material 56 set property 'DENSITY' value 2226.279194928571
modify material 56 set property 'MASS_MATRIX_DAMPING' value 0
modify material 57 set property 'MODULUS' value 17340111621.907536
modify material 57 set property 'POISSON' value 0.28345947858630577
modify material 57 set property 'DENSITY' value 2226.375537083333
modify material 57 set property 'MASS_MATRIX_DAMPING' value 0
modify material 58 set property 'MODULUS' value 16835776160.579653
modify material 58 set property 'POISSON' value 0.283463497306068
modify material 58 set property 'DENSITY' value 2218.6357353333333
modify material 58 set property 'MASS_MATRIX_DAMPING' value 0
modify material 59 set property 'MODULUS' value 15915095890.891386
modify material 59 set property 'POISSON' value 0.28347121968458555
modify material 59 set property 'DENSITY' value 2204.11995725
modify material 59 set property 'MASS_MATRIX_DAMPING' value 0
modify material 60 set property 'MODULUS' value 14497482079.132792
modify material 60 set property 'POISSON' value 0.2834853291311958
modify material 60 set property 'DENSITY' value 2179.7869358999997
modify material 60 set property 'MASS_MATRIX_DAMPING' value 0
modify material 61 set property 'MODULUS' value 13618601573.944788
modify material 61 set property 'POISSON' value 0.28349424651325533
modify material 61 set property 'DENSITY' value 2164.534385571428
modify material 61 set property 'MASS_MATRIX_DAMPING' value 0
modify material 62 set property 'MODULUS' value 15047420208.02353
modify material 62 set property 'POISSON' value 0.2834805589874142
modify material 62 set property 'DENSITY' value 2188.5620247142856
modify material 62 set property 'MASS_MATRIX_DAMPING' value 0
modify material 63 set property 'MODULUS' value 18315622067.559917
modify material 63 set property 'POISSON' value 0.28345452487791417
modify material 63 set property 'DENSITY' value 2238.3255755
modify material 63 set property 'MASS_MATRIX_DAMPING' value 0
modify material 64 set property 'MODULUS' value 21595746464.123478
modify material 64 set property 'POISSON' value 0.28343331693663487
modify material 64 set property 'DENSITY' value 2283.2967658
modify material 64 set property 'MASS_MATRIX_DAMPING' value 0
modify material 65 set property 'MODULUS' value 24783700794.15825
modify material 65 set property 'POISSON' value 0.283415510518958
modify material 65 set property 'DENSITY' value 2323.8409683
modify material 65 set property 'MASS_MATRIX_DAMPING' value 0
modify material 66 set property 'MODULUS' value 24089225552.18185
modify material 66 set property 'POISSON' value 0.28341952576906976
modify material 66 set property 'DENSITY' value 2314.8378235999994
modify material 66 set property 'MASS_MATRIX_DAMPING' value 0
modify material 67 set property 'MODULUS' value 21960990706.92594
modify material 67 set property 'POISSON' value 0.28343113956728744
modify material 67 set property 'DENSITY' value 2288.0648506999996
modify material 67 set property 'MASS_MATRIX_DAMPING' value 0
modify material 68 set property 'MODULUS' value 21612157925.101875
modify material 68 set property 'POISSON' value 0.28343270569840084
modify material 68 set property 'DENSITY' value 2284.1020201999995
modify material 68 set property 'MASS_MATRIX_DAMPING' value 0
modify material 69 set property 'MODULUS' value 22297870862.873806
modify material 69 set property 'POISSON' value 0.283428311755135
modify material 69 set property 'DENSITY' value 2293.5157663999994
modify material 69 set property 'MASS_MATRIX_DAMPING' value 0
modify material 70 set property 'MODULUS' value 22361839708.490055
modify material 70 set property 'POISSON' value 0.28342866881294243
modify material 70 set property 'DENSITY' value 2293.423300499999
modify material 70 set property 'MASS_MATRIX_DAMPING' value 0
modify material 71 set property 'MODULUS' value 19610033268.881084
modify material 71 set property 'POISSON' value 0.28344619013450645
modify material 71 set property 'DENSITY' value 2255.960982299999
modify material 71 set property 'MASS_MATRIX_DAMPING' value 0
modify material 72 set property 'MODULUS' value 17855469902.579117
modify material 72 set property 'POISSON' value 0.2834589001123172
modify material 72 set property 'DENSITY' value 2230.4724113999996
modify material 72 set property 'MASS_MATRIX_DAMPING' value 0
modify material 73 set property 'MODULUS' value 19968200439.34286
modify material 73 set property 'POISSON' value 0.2834456211912656
modify material 73 set property 'DENSITY' value 2259.0693910000005
modify material 73 set property 'MASS_MATRIX_DAMPING' value 0
modify material 74 set property 'MODULUS' value 25905737592.592655
modify material 74 set property 'POISSON' value 0.2834152516505901
modify material 74 set property 'DENSITY' value 2330.3457555000005
modify material 74 set property 'MASS_MATRIX_DAMPING' value 0
modify material 75 set property 'MODULUS' value 41358189693.88544
modify material 75 set property 'POISSON' value 0.28336693651976397
modify material 75 set property 'DENSITY' value 2469.631538136364
modify material 75 set property 'MASS_MATRIX_DAMPING' value 0
