delete mesh surface all propagate
delete mesh curve all propagate
curve 1 scheme equal interval 425
curve 3 scheme equal interval 425
curve 12 scheme equal interval 415
curve 19 scheme equal interval 415
curve 26 scheme equal interval 395
curve 33 scheme equal interval 345
curve 40 scheme equal interval 315
curve 47 scheme equal interval 315
curve 54 scheme equal interval 315
curve 61 scheme equal interval 315
curve 68 scheme equal interval 315
curve 75 scheme equal interval 315
curve 82 scheme equal interval 315
curve 89 scheme equal interval 315
curve 96 scheme equal interval 305
curve 103 scheme equal interval 305
curve 110 scheme equal interval 305
curve 117 scheme equal interval 285
curve 124 scheme equal interval 285
curve 131 scheme equal interval 285
curve 138 scheme equal interval 285
curve 145 scheme equal interval 285
curve 152 scheme equal interval 285
curve 159 scheme equal interval 285
curve 166 scheme equal interval 285
curve 173 scheme equal interval 255
curve 180 scheme equal interval 235
curve 187 scheme equal interval 235
curve 194 scheme equal interval 235
curve 201 scheme equal interval 235
curve 208 scheme equal interval 235
curve 215 scheme equal interval 225
curve 222 scheme equal interval 225
curve 229 scheme equal interval 215
curve 236 scheme equal interval 215
curve 243 scheme equal interval 215
curve 250 scheme equal interval 215
curve 257 scheme equal interval 215
curve 264 scheme equal interval 215
curve 271 scheme equal interval 215
curve 278 scheme equal interval 205
curve 285 scheme equal interval 185
curve 292 scheme equal interval 185
curve 299 scheme equal interval 185
curve 306 scheme equal interval 185
curve 313 scheme equal interval 185
curve 320 scheme equal interval 185
curve 327 scheme equal interval 185
curve 334 scheme equal interval 185
curve 341 scheme equal interval 175
curve 348 scheme equal interval 175
curve 355 scheme equal interval 175
curve 362 scheme equal interval 175
curve 369 scheme equal interval 175
curve 376 scheme equal interval 175
curve 383 scheme equal interval 175
curve 390 scheme equal interval 165
curve 397 scheme equal interval 165
curve 404 scheme equal interval 165
curve 411 scheme equal interval 165
curve 418 scheme equal interval 165
curve 425 scheme equal interval 165
curve 432 scheme equal interval 165
curve 439 scheme equal interval 165
curve 446 scheme equal interval 165
curve 453 scheme equal interval 165
curve 460 scheme equal interval 165
curve 467 scheme equal interval 165
curve 474 scheme equal interval 165
curve 481 scheme equal interval 165
curve 488 scheme equal interval 165
curve 495 scheme equal interval 165
curve 502 scheme equal interval 165
curve 509 scheme equal interval 165
curve 516 scheme equal interval 165
curve 523 scheme equal interval 105
curve 5 scheme equal interval 325
curve 7 scheme equal interval 325
curve 15 scheme equal interval 315
curve 22 scheme equal interval 315
curve 29 scheme equal interval 305
curve 36 scheme equal interval 265
curve 43 scheme equal interval 245
curve 50 scheme equal interval 245
curve 57 scheme equal interval 245
curve 64 scheme equal interval 245
curve 71 scheme equal interval 245
curve 78 scheme equal interval 245
curve 85 scheme equal interval 245
curve 92 scheme equal interval 245
curve 99 scheme equal interval 235
curve 106 scheme equal interval 235
curve 113 scheme equal interval 235
curve 120 scheme equal interval 215
curve 127 scheme equal interval 215
curve 134 scheme equal interval 215
curve 141 scheme equal interval 215
curve 148 scheme equal interval 215
curve 155 scheme equal interval 215
curve 162 scheme equal interval 215
curve 169 scheme equal interval 215
curve 176 scheme equal interval 195
curve 183 scheme equal interval 185
curve 190 scheme equal interval 175
curve 197 scheme equal interval 175
curve 204 scheme equal interval 175
curve 211 scheme equal interval 175
curve 218 scheme equal interval 175
curve 225 scheme equal interval 175
curve 232 scheme equal interval 165
curve 239 scheme equal interval 165
curve 246 scheme equal interval 165
curve 253 scheme equal interval 165
curve 260 scheme equal interval 165
curve 267 scheme equal interval 165
curve 274 scheme equal interval 165
curve 281 scheme equal interval 155
curve 288 scheme equal interval 145
curve 295 scheme equal interval 145
curve 302 scheme equal interval 145
curve 309 scheme equal interval 145
curve 316 scheme equal interval 135
curve 323 scheme equal interval 135
curve 330 scheme equal interval 135
curve 337 scheme equal interval 135
curve 344 scheme equal interval 135
curve 351 scheme equal interval 135
curve 358 scheme equal interval 135
curve 365 scheme equal interval 135
curve 372 scheme equal interval 135
curve 379 scheme equal interval 135
curve 386 scheme equal interval 135
curve 393 scheme equal interval 135
curve 400 scheme equal interval 125
curve 407 scheme equal interval 125
curve 414 scheme equal interval 125
curve 421 scheme equal interval 125
curve 428 scheme equal interval 125
curve 435 scheme equal interval 125
curve 442 scheme equal interval 125
curve 449 scheme equal interval 125
curve 456 scheme equal interval 125
curve 463 scheme equal interval 125
curve 470 scheme equal interval 125
curve 477 scheme equal interval 125
curve 484 scheme equal interval 125
curve 491 scheme equal interval 125
curve 498 scheme equal interval 125
curve 505 scheme equal interval 125
curve 512 scheme equal interval 125
curve 519 scheme equal interval 125
curve 526 scheme equal interval 85
curve 8 scheme equal interval 425
curve 10 scheme equal interval 425
curve 17 scheme equal interval 415
curve 24 scheme equal interval 415
curve 31 scheme equal interval 395
curve 38 scheme equal interval 345
curve 45 scheme equal interval 315
curve 52 scheme equal interval 315
curve 59 scheme equal interval 315
curve 66 scheme equal interval 315
curve 73 scheme equal interval 315
curve 80 scheme equal interval 315
curve 87 scheme equal interval 315
curve 94 scheme equal interval 315
curve 101 scheme equal interval 305
curve 108 scheme equal interval 305
curve 115 scheme equal interval 305
curve 122 scheme equal interval 285
curve 129 scheme equal interval 285
curve 136 scheme equal interval 285
curve 143 scheme equal interval 285
curve 150 scheme equal interval 285
curve 157 scheme equal interval 285
curve 164 scheme equal interval 285
curve 171 scheme equal interval 285
curve 178 scheme equal interval 255
curve 185 scheme equal interval 235
curve 192 scheme equal interval 235
curve 199 scheme equal interval 235
curve 206 scheme equal interval 235
curve 213 scheme equal interval 235
curve 220 scheme equal interval 225
curve 227 scheme equal interval 225
curve 234 scheme equal interval 215
curve 241 scheme equal interval 215
curve 248 scheme equal interval 215
curve 255 scheme equal interval 215
curve 262 scheme equal interval 215
curve 269 scheme equal interval 215
curve 276 scheme equal interval 215
curve 283 scheme equal interval 205
curve 290 scheme equal interval 185
curve 297 scheme equal interval 185
curve 304 scheme equal interval 185
curve 311 scheme equal interval 185
curve 318 scheme equal interval 185
curve 325 scheme equal interval 185
curve 332 scheme equal interval 185
curve 339 scheme equal interval 185
curve 346 scheme equal interval 175
curve 353 scheme equal interval 175
curve 360 scheme equal interval 175
curve 367 scheme equal interval 175
curve 374 scheme equal interval 175
curve 381 scheme equal interval 175
curve 388 scheme equal interval 175
curve 395 scheme equal interval 165
curve 402 scheme equal interval 165
curve 409 scheme equal interval 165
curve 416 scheme equal interval 165
curve 423 scheme equal interval 165
curve 430 scheme equal interval 165
curve 437 scheme equal interval 165
curve 444 scheme equal interval 165
curve 451 scheme equal interval 165
curve 458 scheme equal interval 165
curve 465 scheme equal interval 165
curve 472 scheme equal interval 165
curve 479 scheme equal interval 165
curve 486 scheme equal interval 165
curve 493 scheme equal interval 165
curve 500 scheme equal interval 165
curve 507 scheme equal interval 165
curve 514 scheme equal interval 165
curve 521 scheme equal interval 165
curve 528 scheme equal interval 105
curve 2 scheme equal interval 1
curve 13 scheme equal interval 2
curve 20 scheme equal interval 3
curve 27 scheme equal interval 5
curve 34 scheme equal interval 2
curve 41 scheme equal interval 2
curve 48 scheme equal interval 2
curve 55 scheme equal interval 2
curve 62 scheme equal interval 4
curve 69 scheme equal interval 3
curve 76 scheme equal interval 2
curve 83 scheme equal interval 3
curve 90 scheme equal interval 2
curve 97 scheme equal interval 5
curve 104 scheme equal interval 3
curve 111 scheme equal interval 1
curve 118 scheme equal interval 2
curve 125 scheme equal interval 2
curve 132 scheme equal interval 4
curve 139 scheme equal interval 2
curve 146 scheme equal interval 4
curve 153 scheme equal interval 4
curve 160 scheme equal interval 2
curve 167 scheme equal interval 1
curve 174 scheme equal interval 8
curve 181 scheme equal interval 2
curve 188 scheme equal interval 3
curve 195 scheme equal interval 1
curve 202 scheme equal interval 1
curve 209 scheme equal interval 2
curve 216 scheme equal interval 4
curve 223 scheme equal interval 2
curve 230 scheme equal interval 7
curve 237 scheme equal interval 2
curve 244 scheme equal interval 2
curve 251 scheme equal interval 3
curve 258 scheme equal interval 5
curve 265 scheme equal interval 3
curve 272 scheme equal interval 1
curve 279 scheme equal interval 1
curve 286 scheme equal interval 1
curve 293 scheme equal interval 1
curve 300 scheme equal interval 5
curve 307 scheme equal interval 1
curve 314 scheme equal interval 1
curve 321 scheme equal interval 2
curve 328 scheme equal interval 1
curve 335 scheme equal interval 3
curve 342 scheme equal interval 4
curve 349 scheme equal interval 1
curve 356 scheme equal interval 1
curve 363 scheme equal interval 6
curve 370 scheme equal interval 2
curve 377 scheme equal interval 4
curve 384 scheme equal interval 1
curve 391 scheme equal interval 2
curve 398 scheme equal interval 4
curve 405 scheme equal interval 2
curve 412 scheme equal interval 2
curve 419 scheme equal interval 1
curve 426 scheme equal interval 1
curve 433 scheme equal interval 2
curve 440 scheme equal interval 1
curve 447 scheme equal interval 1
curve 454 scheme equal interval 1
curve 461 scheme equal interval 1
curve 468 scheme equal interval 1
curve 475 scheme equal interval 1
curve 482 scheme equal interval 1
curve 489 scheme equal interval 1
curve 496 scheme equal interval 1
curve 503 scheme equal interval 1
curve 510 scheme equal interval 1
curve 517 scheme equal interval 1
curve 524 scheme equal interval 7
curve 4 scheme equal interval 1
curve 11 scheme equal interval 2
curve 18 scheme equal interval 3
curve 25 scheme equal interval 5
curve 32 scheme equal interval 2
curve 39 scheme equal interval 2
curve 46 scheme equal interval 2
curve 53 scheme equal interval 2
curve 60 scheme equal interval 4
curve 67 scheme equal interval 3
curve 74 scheme equal interval 2
curve 81 scheme equal interval 3
curve 88 scheme equal interval 2
curve 95 scheme equal interval 5
curve 102 scheme equal interval 3
curve 109 scheme equal interval 1
curve 116 scheme equal interval 2
curve 123 scheme equal interval 2
curve 130 scheme equal interval 4
curve 137 scheme equal interval 2
curve 144 scheme equal interval 4
curve 151 scheme equal interval 4
curve 158 scheme equal interval 2
curve 165 scheme equal interval 1
curve 172 scheme equal interval 8
curve 179 scheme equal interval 2
curve 186 scheme equal interval 3
curve 193 scheme equal interval 1
curve 200 scheme equal interval 1
curve 207 scheme equal interval 2
curve 214 scheme equal interval 4
curve 221 scheme equal interval 2
curve 228 scheme equal interval 7
curve 235 scheme equal interval 2
curve 242 scheme equal interval 2
curve 249 scheme equal interval 3
curve 256 scheme equal interval 5
curve 263 scheme equal interval 3
curve 270 scheme equal interval 1
curve 277 scheme equal interval 1
curve 284 scheme equal interval 1
curve 291 scheme equal interval 1
curve 298 scheme equal interval 5
curve 305 scheme equal interval 1
curve 312 scheme equal interval 1
curve 319 scheme equal interval 2
curve 326 scheme equal interval 1
curve 333 scheme equal interval 3
curve 340 scheme equal interval 4
curve 347 scheme equal interval 1
curve 354 scheme equal interval 1
curve 361 scheme equal interval 6
curve 368 scheme equal interval 2
curve 375 scheme equal interval 4
curve 382 scheme equal interval 1
curve 389 scheme equal interval 2
curve 396 scheme equal interval 4
curve 403 scheme equal interval 2
curve 410 scheme equal interval 2
curve 417 scheme equal interval 1
curve 424 scheme equal interval 1
curve 431 scheme equal interval 2
curve 438 scheme equal interval 1
curve 445 scheme equal interval 1
curve 452 scheme equal interval 1
curve 459 scheme equal interval 1
curve 466 scheme equal interval 1
curve 473 scheme equal interval 1
curve 480 scheme equal interval 1
curve 487 scheme equal interval 1
curve 494 scheme equal interval 1
curve 501 scheme equal interval 1
curve 508 scheme equal interval 1
curve 515 scheme equal interval 1
curve 522 scheme equal interval 7
curve 6 scheme equal interval 1
curve 14 scheme equal interval 2
curve 21 scheme equal interval 3
curve 28 scheme equal interval 3
curve 35 scheme equal interval 2
curve 42 scheme equal interval 2
curve 49 scheme equal interval 2
curve 56 scheme equal interval 2
curve 63 scheme equal interval 2
curve 70 scheme equal interval 3
curve 77 scheme equal interval 2
curve 84 scheme equal interval 3
curve 91 scheme equal interval 4
curve 98 scheme equal interval 7
curve 105 scheme equal interval 3
curve 112 scheme equal interval 1
curve 119 scheme equal interval 2
curve 126 scheme equal interval 2
curve 133 scheme equal interval 2
curve 140 scheme equal interval 2
curve 147 scheme equal interval 2
curve 154 scheme equal interval 2
curve 161 scheme equal interval 2
curve 168 scheme equal interval 1
curve 175 scheme equal interval 12
curve 182 scheme equal interval 2
curve 189 scheme equal interval 3
curve 196 scheme equal interval 3
curve 203 scheme equal interval 1
curve 210 scheme equal interval 2
curve 217 scheme equal interval 2
curve 224 scheme equal interval 2
curve 231 scheme equal interval 3
curve 238 scheme equal interval 4
curve 245 scheme equal interval 6
curve 252 scheme equal interval 3
curve 259 scheme equal interval 3
curve 266 scheme equal interval 1
curve 273 scheme equal interval 3
curve 280 scheme equal interval 1
curve 287 scheme equal interval 1
curve 294 scheme equal interval 1
curve 301 scheme equal interval 5
curve 308 scheme equal interval 1
curve 315 scheme equal interval 3
curve 322 scheme equal interval 4
curve 329 scheme equal interval 1
curve 336 scheme equal interval 1
curve 343 scheme equal interval 2
curve 350 scheme equal interval 1
curve 357 scheme equal interval 3
curve 364 scheme equal interval 4
curve 371 scheme equal interval 2
curve 378 scheme equal interval 4
curve 385 scheme equal interval 1
curve 392 scheme equal interval 2
curve 399 scheme equal interval 4
curve 406 scheme equal interval 2
curve 413 scheme equal interval 2
curve 420 scheme equal interval 1
curve 427 scheme equal interval 3
curve 434 scheme equal interval 2
curve 441 scheme equal interval 1
curve 448 scheme equal interval 1
curve 455 scheme equal interval 1
curve 462 scheme equal interval 1
curve 469 scheme equal interval 1
curve 476 scheme equal interval 1
curve 483 scheme equal interval 1
curve 490 scheme equal interval 1
curve 497 scheme equal interval 1
curve 504 scheme equal interval 1
curve 511 scheme equal interval 1
curve 518 scheme equal interval 1
curve 525 scheme equal interval 5
curve 9 scheme equal interval 1
curve 16 scheme equal interval 2
curve 23 scheme equal interval 3
curve 30 scheme equal interval 3
curve 37 scheme equal interval 2
curve 44 scheme equal interval 2
curve 51 scheme equal interval 2
curve 58 scheme equal interval 2
curve 65 scheme equal interval 2
curve 72 scheme equal interval 3
curve 79 scheme equal interval 2
curve 86 scheme equal interval 3
curve 93 scheme equal interval 4
curve 100 scheme equal interval 7
curve 107 scheme equal interval 3
curve 114 scheme equal interval 1
curve 121 scheme equal interval 2
curve 128 scheme equal interval 2
curve 135 scheme equal interval 2
curve 142 scheme equal interval 2
curve 149 scheme equal interval 2
curve 156 scheme equal interval 2
curve 163 scheme equal interval 2
curve 170 scheme equal interval 1
curve 177 scheme equal interval 12
curve 184 scheme equal interval 2
curve 191 scheme equal interval 3
curve 198 scheme equal interval 3
curve 205 scheme equal interval 1
curve 212 scheme equal interval 2
curve 219 scheme equal interval 2
curve 226 scheme equal interval 2
curve 233 scheme equal interval 3
curve 240 scheme equal interval 4
curve 247 scheme equal interval 6
curve 254 scheme equal interval 3
curve 261 scheme equal interval 3
curve 268 scheme equal interval 1
curve 275 scheme equal interval 3
curve 282 scheme equal interval 1
curve 289 scheme equal interval 1
curve 296 scheme equal interval 1
curve 303 scheme equal interval 5
curve 310 scheme equal interval 1
curve 317 scheme equal interval 3
curve 324 scheme equal interval 4
curve 331 scheme equal interval 1
curve 338 scheme equal interval 1
curve 345 scheme equal interval 2
curve 352 scheme equal interval 1
curve 359 scheme equal interval 3
curve 366 scheme equal interval 4
curve 373 scheme equal interval 2
curve 380 scheme equal interval 4
curve 387 scheme equal interval 1
curve 394 scheme equal interval 2
curve 401 scheme equal interval 4
curve 408 scheme equal interval 2
curve 415 scheme equal interval 2
curve 422 scheme equal interval 1
curve 429 scheme equal interval 3
curve 436 scheme equal interval 2
curve 443 scheme equal interval 1
curve 450 scheme equal interval 1
curve 457 scheme equal interval 1
curve 464 scheme equal interval 1
curve 471 scheme equal interval 1
curve 478 scheme equal interval 1
curve 485 scheme equal interval 1
curve 492 scheme equal interval 1
curve 499 scheme equal interval 1
curve 506 scheme equal interval 1
curve 513 scheme equal interval 1
curve 520 scheme equal interval 1
curve 527 scheme equal interval 5
mesh curve all
