# --- Section 1 splines ---
create curve spline location vertex 1 to 87
create curve spline location vertex 88 to 174
create curve spline location vertex 175 to 261
create curve spline location vertex 262 to 348
create curve spline location vertex 349 to 435
create curve spline location vertex 436 to 522
create curve spline location vertex 523 to 609
create curve spline location vertex 610 to 696
create curve spline location vertex 697 to 783
create curve spline location vertex 784 to 870
create curve spline location vertex 871 to 957
create curve spline location vertex 958 to 1044
create curve spline location vertex 1045 to 1131
create curve spline location vertex 1132 to 1218
create curve spline location vertex 1219 to 1305
create curve spline location vertex 1306 to 1392
create curve spline location vertex 1393 to 1479
create curve spline location vertex 1480 to 1566
create curve spline location vertex 1567 to 1653
create curve spline location vertex 1654 to 1740
create curve spline location vertex 1741 to 1827
create curve spline location vertex 1828 to 1914
create curve spline location vertex 1915 to 2001
create curve spline location vertex 2002 to 2088
create curve spline location vertex 2089 to 2175
create curve spline location vertex 2176 to 2262
create curve spline location vertex 2263 to 2349
create curve spline location vertex 2350 to 2436
create curve spline location vertex 2437 to 2523
create curve spline location vertex 2524 to 2610
create curve spline location vertex 2611 to 2697
create curve spline location vertex 2698 to 2784
create curve spline location vertex 2785 to 2871
create curve spline location vertex 2872 to 2958
create curve spline location vertex 2959 to 3045
create curve spline location vertex 3046 to 3132
create curve spline location vertex 3133 to 3219
create curve spline location vertex 3220 to 3306
create curve spline location vertex 3307 to 3393
create curve spline location vertex 3394 to 3480
create curve spline location vertex 3481 to 3567
create curve spline location vertex 3568 to 3654
create curve spline location vertex 3655 to 3741
create curve spline location vertex 3742 to 3828
create curve spline location vertex 3829 to 3915
create curve spline location vertex 3916 to 4002
create curve spline location vertex 4003 to 4089
create curve spline location vertex 4090 to 4176
create curve spline location vertex 4177 to 4263
create curve spline location vertex 4264 to 4350
create curve spline location vertex 4351 to 4437
create curve spline location vertex 4438 to 4524
create curve spline location vertex 4525 to 4611
create curve spline location vertex 4612 to 4698
create curve spline location vertex 4699 to 4785
create curve spline location vertex 4786 to 4872
create curve spline location vertex 4873 to 4959
create curve spline location vertex 4960 to 5046
create curve spline location vertex 5047 to 5133
create curve spline location vertex 5134 to 5220
create curve spline location vertex 5221 to 5307
create curve spline location vertex 5308 to 5394
create curve spline location vertex 5395 to 5481
create curve spline location vertex 5482 to 5568
create curve spline location vertex 5569 to 5655
create curve spline location vertex 5656 to 5742
create curve spline location vertex 5743 to 5829
create curve spline location vertex 5830 to 5916
create curve spline location vertex 5917 to 6003
create curve spline location vertex 6004 to 6090
create curve spline location vertex 6091 to 6177
create curve spline location vertex 6178 to 6264
create curve spline location vertex 6265 to 6351
create curve spline location vertex 6352 to 6438
create curve spline location vertex 6439 to 6525
create curve spline location vertex 6526 to 6612
# --- Section 2 splines ---
create curve spline location vertex 6613 to 6647
create curve spline location vertex 6648 to 6682
create curve spline location vertex 6683 to 6717
create curve spline location vertex 6718 to 6752
create curve spline location vertex 6753 to 6787
create curve spline location vertex 6788 to 6822
create curve spline location vertex 6823 to 6857
create curve spline location vertex 6858 to 6892
create curve spline location vertex 6893 to 6927
create curve spline location vertex 6928 to 6962
create curve spline location vertex 6963 to 6997
create curve spline location vertex 6998 to 7032
create curve spline location vertex 7033 to 7067
create curve spline location vertex 7068 to 7102
create curve spline location vertex 7103 to 7137
create curve spline location vertex 7138 to 7172
create curve spline location vertex 7173 to 7207
create curve spline location vertex 7208 to 7242
create curve spline location vertex 7243 to 7277
create curve spline location vertex 7278 to 7312
create curve spline location vertex 7313 to 7347
create curve spline location vertex 7348 to 7382
create curve spline location vertex 7383 to 7417
create curve spline location vertex 7418 to 7452
create curve spline location vertex 7453 to 7487
create curve spline location vertex 7488 to 7522
create curve spline location vertex 7523 to 7557
create curve spline location vertex 7558 to 7592
create curve spline location vertex 7593 to 7627
create curve spline location vertex 7628 to 7662
create curve spline location vertex 7663 to 7697
create curve spline location vertex 7698 to 7732
create curve spline location vertex 7733 to 7767
create curve spline location vertex 7768 to 7802
create curve spline location vertex 7803 to 7837
create curve spline location vertex 7838 to 7872
create curve spline location vertex 7873 to 7907
create curve spline location vertex 7908 to 7942
create curve spline location vertex 7943 to 7977
create curve spline location vertex 7978 to 8012
create curve spline location vertex 8013 to 8047
create curve spline location vertex 8048 to 8082
create curve spline location vertex 8083 to 8117
create curve spline location vertex 8118 to 8152
create curve spline location vertex 8153 to 8187
create curve spline location vertex 8188 to 8222
create curve spline location vertex 8223 to 8257
create curve spline location vertex 8258 to 8292
create curve spline location vertex 8293 to 8327
create curve spline location vertex 8328 to 8362
create curve spline location vertex 8363 to 8397
create curve spline location vertex 8398 to 8432
create curve spline location vertex 8433 to 8467
create curve spline location vertex 8468 to 8502
create curve spline location vertex 8503 to 8537
create curve spline location vertex 8538 to 8572
create curve spline location vertex 8573 to 8607
create curve spline location vertex 8608 to 8642
create curve spline location vertex 8643 to 8677
create curve spline location vertex 8678 to 8712
create curve spline location vertex 8713 to 8747
create curve spline location vertex 8748 to 8782
create curve spline location vertex 8783 to 8817
create curve spline location vertex 8818 to 8852
create curve spline location vertex 8853 to 8887
create curve spline location vertex 8888 to 8922
create curve spline location vertex 8923 to 8957
create curve spline location vertex 8958 to 8992
create curve spline location vertex 8993 to 9027
create curve spline location vertex 9028 to 9062
create curve spline location vertex 9063 to 9097
create curve spline location vertex 9098 to 9132
create curve spline location vertex 9133 to 9167
create curve spline location vertex 9168 to 9202
create curve spline location vertex 9203 to 9237
create curve spline location vertex 9238 to 9272
# --- Section 3 splines ---
create curve spline location vertex 9273 to 9306
create curve spline location vertex 9307 to 9340
create curve spline location vertex 9341 to 9374
create curve spline location vertex 9375 to 9408
create curve spline location vertex 9409 to 9442
create curve spline location vertex 9443 to 9476
create curve spline location vertex 9477 to 9510
create curve spline location vertex 9511 to 9544
create curve spline location vertex 9545 to 9578
create curve spline location vertex 9579 to 9612
create curve spline location vertex 9613 to 9646
create curve spline location vertex 9647 to 9680
create curve spline location vertex 9681 to 9714
create curve spline location vertex 9715 to 9748
create curve spline location vertex 9749 to 9782
create curve spline location vertex 9783 to 9816
create curve spline location vertex 9817 to 9850
create curve spline location vertex 9851 to 9884
create curve spline location vertex 9885 to 9918
create curve spline location vertex 9919 to 9952
create curve spline location vertex 9953 to 9986
create curve spline location vertex 9987 to 10020
create curve spline location vertex 10021 to 10054
create curve spline location vertex 10055 to 10088
create curve spline location vertex 10089 to 10122
create curve spline location vertex 10123 to 10156
create curve spline location vertex 10157 to 10190
create curve spline location vertex 10191 to 10224
create curve spline location vertex 10225 to 10258
create curve spline location vertex 10259 to 10292
create curve spline location vertex 10293 to 10326
create curve spline location vertex 10327 to 10360
create curve spline location vertex 10361 to 10394
create curve spline location vertex 10395 to 10428
create curve spline location vertex 10429 to 10462
create curve spline location vertex 10463 to 10496
create curve spline location vertex 10497 to 10530
create curve spline location vertex 10531 to 10564
create curve spline location vertex 10565 to 10598
create curve spline location vertex 10599 to 10632
create curve spline location vertex 10633 to 10666
create curve spline location vertex 10667 to 10700
create curve spline location vertex 10701 to 10734
create curve spline location vertex 10735 to 10768
create curve spline location vertex 10769 to 10802
create curve spline location vertex 10803 to 10836
create curve spline location vertex 10837 to 10870
create curve spline location vertex 10871 to 10904
create curve spline location vertex 10905 to 10938
create curve spline location vertex 10939 to 10972
create curve spline location vertex 10973 to 11006
create curve spline location vertex 11007 to 11040
create curve spline location vertex 11041 to 11074
create curve spline location vertex 11075 to 11108
create curve spline location vertex 11109 to 11142
create curve spline location vertex 11143 to 11176
create curve spline location vertex 11177 to 11210
create curve spline location vertex 11211 to 11244
create curve spline location vertex 11245 to 11278
create curve spline location vertex 11279 to 11312
create curve spline location vertex 11313 to 11346
create curve spline location vertex 11347 to 11380
create curve spline location vertex 11381 to 11414
create curve spline location vertex 11415 to 11448
create curve spline location vertex 11449 to 11482
create curve spline location vertex 11483 to 11516
create curve spline location vertex 11517 to 11550
create curve spline location vertex 11551 to 11584
create curve spline location vertex 11585 to 11618
create curve spline location vertex 11619 to 11652
create curve spline location vertex 11653 to 11686
create curve spline location vertex 11687 to 11720
create curve spline location vertex 11721 to 11754
create curve spline location vertex 11755 to 11788
create curve spline location vertex 11789 to 11822
create curve spline location vertex 11823 to 11856
# --- Section 4 splines ---
create curve spline location vertex 11857 to 11944
create curve spline location vertex 11945 to 12032
create curve spline location vertex 12033 to 12120
create curve spline location vertex 12121 to 12208
create curve spline location vertex 12209 to 12296
create curve spline location vertex 12297 to 12384
create curve spline location vertex 12385 to 12472
create curve spline location vertex 12473 to 12560
create curve spline location vertex 12561 to 12648
create curve spline location vertex 12649 to 12736
create curve spline location vertex 12737 to 12824
create curve spline location vertex 12825 to 12912
create curve spline location vertex 12913 to 13000
create curve spline location vertex 13001 to 13088
create curve spline location vertex 13089 to 13176
create curve spline location vertex 13177 to 13264
create curve spline location vertex 13265 to 13352
create curve spline location vertex 13353 to 13440
create curve spline location vertex 13441 to 13528
create curve spline location vertex 13529 to 13616
create curve spline location vertex 13617 to 13704
create curve spline location vertex 13705 to 13792
create curve spline location vertex 13793 to 13880
create curve spline location vertex 13881 to 13968
create curve spline location vertex 13969 to 14056
create curve spline location vertex 14057 to 14144
create curve spline location vertex 14145 to 14232
create curve spline location vertex 14233 to 14320
create curve spline location vertex 14321 to 14408
create curve spline location vertex 14409 to 14496
create curve spline location vertex 14497 to 14584
create curve spline location vertex 14585 to 14672
create curve spline location vertex 14673 to 14760
create curve spline location vertex 14761 to 14848
create curve spline location vertex 14849 to 14936
create curve spline location vertex 14937 to 15024
create curve spline location vertex 15025 to 15112
create curve spline location vertex 15113 to 15200
create curve spline location vertex 15201 to 15288
create curve spline location vertex 15289 to 15376
create curve spline location vertex 15377 to 15464
create curve spline location vertex 15465 to 15552
create curve spline location vertex 15553 to 15640
create curve spline location vertex 15641 to 15728
create curve spline location vertex 15729 to 15816
create curve spline location vertex 15817 to 15904
create curve spline location vertex 15905 to 15992
create curve spline location vertex 15993 to 16080
create curve spline location vertex 16081 to 16168
create curve spline location vertex 16169 to 16256
create curve spline location vertex 16257 to 16344
create curve spline location vertex 16345 to 16432
create curve spline location vertex 16433 to 16520
create curve spline location vertex 16521 to 16608
create curve spline location vertex 16609 to 16696
create curve spline location vertex 16697 to 16784
create curve spline location vertex 16785 to 16872
create curve spline location vertex 16873 to 16960
create curve spline location vertex 16961 to 17048
create curve spline location vertex 17049 to 17136
create curve spline location vertex 17137 to 17224
create curve spline location vertex 17225 to 17312
create curve spline location vertex 17313 to 17400
create curve spline location vertex 17401 to 17488
create curve spline location vertex 17489 to 17576
create curve spline location vertex 17577 to 17664
create curve spline location vertex 17665 to 17752
create curve spline location vertex 17753 to 17840
create curve spline location vertex 17841 to 17928
create curve spline location vertex 17929 to 18016
create curve spline location vertex 18017 to 18104
create curve spline location vertex 18105 to 18192
create curve spline location vertex 18193 to 18280
create curve spline location vertex 18281 to 18368
create curve spline location vertex 18369 to 18456
create curve spline location vertex 18457 to 18544
delete vertex all

# --- Surfaces (skin between adjacent boundaries) ---
# Section 1
create surface skin curve 1 2
create surface skin curve 2 3
create surface skin curve 3 4
create surface skin curve 4 5
create surface skin curve 5 6
create surface skin curve 6 7
create surface skin curve 7 8
create surface skin curve 8 9
create surface skin curve 9 10
create surface skin curve 10 11
create surface skin curve 11 12
create surface skin curve 12 13
create surface skin curve 13 14
create surface skin curve 14 15
create surface skin curve 15 16
create surface skin curve 16 17
create surface skin curve 17 18
create surface skin curve 18 19
create surface skin curve 19 20
create surface skin curve 20 21
create surface skin curve 21 22
create surface skin curve 22 23
create surface skin curve 23 24
create surface skin curve 24 25
create surface skin curve 25 26
create surface skin curve 26 27
create surface skin curve 27 28
create surface skin curve 28 29
create surface skin curve 29 30
create surface skin curve 30 31
create surface skin curve 31 32
create surface skin curve 32 33
create surface skin curve 33 34
create surface skin curve 34 35
create surface skin curve 35 36
create surface skin curve 36 37
create surface skin curve 37 38
create surface skin curve 38 39
create surface skin curve 39 40
create surface skin curve 40 41
create surface skin curve 41 42
create surface skin curve 42 43
create surface skin curve 43 44
create surface skin curve 44 45
create surface skin curve 45 46
create surface skin curve 46 47
create surface skin curve 47 48
create surface skin curve 48 49
create surface skin curve 49 50
create surface skin curve 50 51
create surface skin curve 51 52
create surface skin curve 52 53
create surface skin curve 53 54
create surface skin curve 54 55
create surface skin curve 55 56
create surface skin curve 56 57
create surface skin curve 57 58
create surface skin curve 58 59
create surface skin curve 59 60
create surface skin curve 60 61
create surface skin curve 61 62
create surface skin curve 62 63
create surface skin curve 63 64
create surface skin curve 64 65
create surface skin curve 65 66
create surface skin curve 66 67
create surface skin curve 67 68
create surface skin curve 68 69
create surface skin curve 69 70
create surface skin curve 70 71
create surface skin curve 71 72
create surface skin curve 72 73
create surface skin curve 73 74
create surface skin curve 74 75
create surface skin curve 75 76
# Section 2
create surface skin curve 77 78
create surface skin curve 78 79
create surface skin curve 79 80
create surface skin curve 80 81
create surface skin curve 81 82
create surface skin curve 82 83
create surface skin curve 83 84
create surface skin curve 84 85
create surface skin curve 85 86
create surface skin curve 86 87
create surface skin curve 87 88
create surface skin curve 88 89
create surface skin curve 89 90
create surface skin curve 90 91
create surface skin curve 91 92
create surface skin curve 92 93
create surface skin curve 93 94
create surface skin curve 94 95
create surface skin curve 95 96
create surface skin curve 96 97
create surface skin curve 97 98
create surface skin curve 98 99
create surface skin curve 99 100
create surface skin curve 100 101
create surface skin curve 101 102
create surface skin curve 102 103
create surface skin curve 103 104
create surface skin curve 104 105
create surface skin curve 105 106
create surface skin curve 106 107
create surface skin curve 107 108
create surface skin curve 108 109
create surface skin curve 109 110
create surface skin curve 110 111
create surface skin curve 111 112
create surface skin curve 112 113
create surface skin curve 113 114
create surface skin curve 114 115
create surface skin curve 115 116
create surface skin curve 116 117
create surface skin curve 117 118
create surface skin curve 118 119
create surface skin curve 119 120
create surface skin curve 120 121
create surface skin curve 121 122
create surface skin curve 122 123
create surface skin curve 123 124
create surface skin curve 124 125
create surface skin curve 125 126
create surface skin curve 126 127
create surface skin curve 127 128
create surface skin curve 128 129
create surface skin curve 129 130
create surface skin curve 130 131
create surface skin curve 131 132
create surface skin curve 132 133
create surface skin curve 133 134
create surface skin curve 134 135
create surface skin curve 135 136
create surface skin curve 136 137
create surface skin curve 137 138
create surface skin curve 138 139
create surface skin curve 139 140
create surface skin curve 140 141
create surface skin curve 141 142
create surface skin curve 142 143
create surface skin curve 143 144
create surface skin curve 144 145
create surface skin curve 145 146
create surface skin curve 146 147
create surface skin curve 147 148
create surface skin curve 148 149
create surface skin curve 149 150
create surface skin curve 150 151
create surface skin curve 151 152
# Section 3
create surface skin curve 153 154
create surface skin curve 154 155
create surface skin curve 155 156
create surface skin curve 156 157
create surface skin curve 157 158
create surface skin curve 158 159
create surface skin curve 159 160
create surface skin curve 160 161
create surface skin curve 161 162
create surface skin curve 162 163
create surface skin curve 163 164
create surface skin curve 164 165
create surface skin curve 165 166
create surface skin curve 166 167
create surface skin curve 167 168
create surface skin curve 168 169
create surface skin curve 169 170
create surface skin curve 170 171
create surface skin curve 171 172
create surface skin curve 172 173
create surface skin curve 173 174
create surface skin curve 174 175
create surface skin curve 175 176
create surface skin curve 176 177
create surface skin curve 177 178
create surface skin curve 178 179
create surface skin curve 179 180
create surface skin curve 180 181
create surface skin curve 181 182
create surface skin curve 182 183
create surface skin curve 183 184
create surface skin curve 184 185
create surface skin curve 185 186
create surface skin curve 186 187
create surface skin curve 187 188
create surface skin curve 188 189
create surface skin curve 189 190
create surface skin curve 190 191
create surface skin curve 191 192
create surface skin curve 192 193
create surface skin curve 193 194
create surface skin curve 194 195
create surface skin curve 195 196
create surface skin curve 196 197
create surface skin curve 197 198
create surface skin curve 198 199
create surface skin curve 199 200
create surface skin curve 200 201
create surface skin curve 201 202
create surface skin curve 202 203
create surface skin curve 203 204
create surface skin curve 204 205
create surface skin curve 205 206
create surface skin curve 206 207
create surface skin curve 207 208
create surface skin curve 208 209
create surface skin curve 209 210
create surface skin curve 210 211
create surface skin curve 211 212
create surface skin curve 212 213
create surface skin curve 213 214
create surface skin curve 214 215
create surface skin curve 215 216
create surface skin curve 216 217
create surface skin curve 217 218
create surface skin curve 218 219
create surface skin curve 219 220
create surface skin curve 220 221
create surface skin curve 221 222
create surface skin curve 222 223
create surface skin curve 223 224
create surface skin curve 224 225
create surface skin curve 225 226
create surface skin curve 226 227
create surface skin curve 227 228
# Section 4
create surface skin curve 229 230
create surface skin curve 230 231
create surface skin curve 231 232
create surface skin curve 232 233
create surface skin curve 233 234
create surface skin curve 234 235
create surface skin curve 235 236
create surface skin curve 236 237
create surface skin curve 237 238
create surface skin curve 238 239
create surface skin curve 239 240
create surface skin curve 240 241
create surface skin curve 241 242
create surface skin curve 242 243
create surface skin curve 243 244
create surface skin curve 244 245
create surface skin curve 245 246
create surface skin curve 246 247
create surface skin curve 247 248
create surface skin curve 248 249
create surface skin curve 249 250
create surface skin curve 250 251
create surface skin curve 251 252
create surface skin curve 252 253
create surface skin curve 253 254
create surface skin curve 254 255
create surface skin curve 255 256
create surface skin curve 256 257
create surface skin curve 257 258
create surface skin curve 258 259
create surface skin curve 259 260
create surface skin curve 260 261
create surface skin curve 261 262
create surface skin curve 262 263
create surface skin curve 263 264
create surface skin curve 264 265
create surface skin curve 265 266
create surface skin curve 266 267
create surface skin curve 267 268
create surface skin curve 268 269
create surface skin curve 269 270
create surface skin curve 270 271
create surface skin curve 271 272
create surface skin curve 272 273
create surface skin curve 273 274
create surface skin curve 274 275
create surface skin curve 275 276
create surface skin curve 276 277
create surface skin curve 277 278
create surface skin curve 278 279
create surface skin curve 279 280
create surface skin curve 280 281
create surface skin curve 281 282
create surface skin curve 282 283
create surface skin curve 283 284
create surface skin curve 284 285
create surface skin curve 285 286
create surface skin curve 286 287
create surface skin curve 287 288
create surface skin curve 288 289
create surface skin curve 289 290
create surface skin curve 290 291
create surface skin curve 291 292
create surface skin curve 292 293
create surface skin curve 293 294
create surface skin curve 294 295
create surface skin curve 295 296
create surface skin curve 296 297
create surface skin curve 297 298
create surface skin curve 298 299
create surface skin curve 299 300
create surface skin curve 300 301
create surface skin curve 301 302
create surface skin curve 302 303
create surface skin curve 303 304
delete curve all
merge curve all
compress curve all
