delete mesh surface all propagate
delete mesh curve all propagate
curve 1 scheme equal interval 235
curve 3 scheme equal interval 235
curve 6 scheme equal interval 235
curve 9 scheme equal interval 235
curve 12 scheme equal interval 235
curve 15 scheme equal interval 235
curve 18 scheme equal interval 235
curve 21 scheme equal interval 235
curve 24 scheme equal interval 235
curve 27 scheme equal interval 235
curve 30 scheme equal interval 235
curve 33 scheme equal interval 235
curve 36 scheme equal interval 235
curve 39 scheme equal interval 235
curve 42 scheme equal interval 235
curve 45 scheme equal interval 235
curve 48 scheme equal interval 235
curve 51 scheme equal interval 235
curve 54 scheme equal interval 235
curve 57 scheme equal interval 235
curve 60 scheme equal interval 235
curve 63 scheme equal interval 235
curve 66 scheme equal interval 235
curve 69 scheme equal interval 235
curve 72 scheme equal interval 235
curve 75 scheme equal interval 235
curve 78 scheme equal interval 235
curve 81 scheme equal interval 235
curve 84 scheme equal interval 235
curve 87 scheme equal interval 235
curve 90 scheme equal interval 235
curve 93 scheme equal interval 235
curve 96 scheme equal interval 235
curve 99 scheme equal interval 235
curve 102 scheme equal interval 235
curve 105 scheme equal interval 235
curve 108 scheme equal interval 235
curve 111 scheme equal interval 235
curve 114 scheme equal interval 235
curve 117 scheme equal interval 235
curve 120 scheme equal interval 235
curve 123 scheme equal interval 235
curve 126 scheme equal interval 235
curve 129 scheme equal interval 235
curve 132 scheme equal interval 235
curve 135 scheme equal interval 235
curve 138 scheme equal interval 235
curve 141 scheme equal interval 235
curve 144 scheme equal interval 235
curve 147 scheme equal interval 235
curve 150 scheme equal interval 235
curve 153 scheme equal interval 235
curve 156 scheme equal interval 235
curve 159 scheme equal interval 235
curve 162 scheme equal interval 235
curve 165 scheme equal interval 235
curve 168 scheme equal interval 235
curve 171 scheme equal interval 235
curve 174 scheme equal interval 235
curve 177 scheme equal interval 235
curve 180 scheme equal interval 235
curve 183 scheme equal interval 235
curve 186 scheme equal interval 235
curve 189 scheme equal interval 235
curve 192 scheme equal interval 235
curve 195 scheme equal interval 235
curve 198 scheme equal interval 235
curve 201 scheme equal interval 235
curve 204 scheme equal interval 235
curve 207 scheme equal interval 235
curve 210 scheme equal interval 235
curve 213 scheme equal interval 235
curve 216 scheme equal interval 235
curve 219 scheme equal interval 235
curve 222 scheme equal interval 235
curve 225 scheme equal interval 235
curve 4 scheme equal interval 1
curve 7 scheme equal interval 1
curve 10 scheme equal interval 1
curve 13 scheme equal interval 1
curve 16 scheme equal interval 1
curve 19 scheme equal interval 1
curve 22 scheme equal interval 1
curve 25 scheme equal interval 1
curve 28 scheme equal interval 2
curve 31 scheme equal interval 1
curve 34 scheme equal interval 1
curve 37 scheme equal interval 1
curve 40 scheme equal interval 1
curve 43 scheme equal interval 2
curve 46 scheme equal interval 1
curve 49 scheme equal interval 1
curve 52 scheme equal interval 1
curve 55 scheme equal interval 1
curve 58 scheme equal interval 1
curve 61 scheme equal interval 1
curve 64 scheme equal interval 1
curve 67 scheme equal interval 1
curve 70 scheme equal interval 1
curve 73 scheme equal interval 1
curve 76 scheme equal interval 4
curve 79 scheme equal interval 1
curve 82 scheme equal interval 1
curve 85 scheme equal interval 1
curve 88 scheme equal interval 1
curve 91 scheme equal interval 1
curve 94 scheme equal interval 1
curve 97 scheme equal interval 1
curve 100 scheme equal interval 4
curve 103 scheme equal interval 2
curve 106 scheme equal interval 3
curve 109 scheme equal interval 2
curve 112 scheme equal interval 2
curve 115 scheme equal interval 1
curve 118 scheme equal interval 1
curve 121 scheme equal interval 1
curve 124 scheme equal interval 1
curve 127 scheme equal interval 1
curve 130 scheme equal interval 3
curve 133 scheme equal interval 1
curve 136 scheme equal interval 1
curve 139 scheme equal interval 2
curve 142 scheme equal interval 1
curve 145 scheme equal interval 1
curve 148 scheme equal interval 2
curve 151 scheme equal interval 1
curve 154 scheme equal interval 2
curve 157 scheme equal interval 3
curve 160 scheme equal interval 1
curve 163 scheme equal interval 2
curve 166 scheme equal interval 1
curve 169 scheme equal interval 1
curve 172 scheme equal interval 2
curve 175 scheme equal interval 1
curve 178 scheme equal interval 1
curve 181 scheme equal interval 1
curve 184 scheme equal interval 2
curve 187 scheme equal interval 2
curve 190 scheme equal interval 1
curve 193 scheme equal interval 1
curve 196 scheme equal interval 1
curve 199 scheme equal interval 1
curve 202 scheme equal interval 1
curve 205 scheme equal interval 1
curve 208 scheme equal interval 1
curve 211 scheme equal interval 1
curve 214 scheme equal interval 1
curve 217 scheme equal interval 1
curve 220 scheme equal interval 1
curve 223 scheme equal interval 1
curve 226 scheme equal interval 1
curve 2 scheme equal interval 1
curve 5 scheme equal interval 1
curve 8 scheme equal interval 1
curve 11 scheme equal interval 1
curve 14 scheme equal interval 1
curve 17 scheme equal interval 1
curve 20 scheme equal interval 1
curve 23 scheme equal interval 1
curve 26 scheme equal interval 2
curve 29 scheme equal interval 1
curve 32 scheme equal interval 1
curve 35 scheme equal interval 1
curve 38 scheme equal interval 1
curve 41 scheme equal interval 2
curve 44 scheme equal interval 1
curve 47 scheme equal interval 1
curve 50 scheme equal interval 1
curve 53 scheme equal interval 1
curve 56 scheme equal interval 1
curve 59 scheme equal interval 1
curve 62 scheme equal interval 1
curve 65 scheme equal interval 1
curve 68 scheme equal interval 1
curve 71 scheme equal interval 1
curve 74 scheme equal interval 4
curve 77 scheme equal interval 1
curve 80 scheme equal interval 1
curve 83 scheme equal interval 1
curve 86 scheme equal interval 1
curve 89 scheme equal interval 1
curve 92 scheme equal interval 1
curve 95 scheme equal interval 1
curve 98 scheme equal interval 4
curve 101 scheme equal interval 2
curve 104 scheme equal interval 3
curve 107 scheme equal interval 2
curve 110 scheme equal interval 2
curve 113 scheme equal interval 1
curve 116 scheme equal interval 1
curve 119 scheme equal interval 1
curve 122 scheme equal interval 1
curve 125 scheme equal interval 1
curve 128 scheme equal interval 3
curve 131 scheme equal interval 1
curve 134 scheme equal interval 1
curve 137 scheme equal interval 2
curve 140 scheme equal interval 1
curve 143 scheme equal interval 1
curve 146 scheme equal interval 2
curve 149 scheme equal interval 1
curve 152 scheme equal interval 2
curve 155 scheme equal interval 3
curve 158 scheme equal interval 1
curve 161 scheme equal interval 2
curve 164 scheme equal interval 1
curve 167 scheme equal interval 1
curve 170 scheme equal interval 2
curve 173 scheme equal interval 1
curve 176 scheme equal interval 1
curve 179 scheme equal interval 1
curve 182 scheme equal interval 2
curve 185 scheme equal interval 2
curve 188 scheme equal interval 1
curve 191 scheme equal interval 1
curve 194 scheme equal interval 1
curve 197 scheme equal interval 1
curve 200 scheme equal interval 1
curve 203 scheme equal interval 1
curve 206 scheme equal interval 1
curve 209 scheme equal interval 1
curve 212 scheme equal interval 1
curve 215 scheme equal interval 1
curve 218 scheme equal interval 1
curve 221 scheme equal interval 1
curve 224 scheme equal interval 1
mesh curve all
