surface 1 scheme map
surface 2 scheme map
surface 3 scheme map
surface 4 scheme map
surface 5 scheme map
surface 6 scheme map
surface 7 scheme map
surface 8 scheme map
surface 9 scheme map
surface 10 scheme map
surface 11 scheme map
surface 12 scheme map
surface 13 scheme map
surface 14 scheme map
surface 15 scheme map
surface 16 scheme map
surface 17 scheme map
surface 18 scheme map
surface 19 scheme map
surface 20 scheme map
surface 21 scheme map
surface 22 scheme map
surface 23 scheme map
surface 24 scheme map
surface 25 scheme map
surface 26 scheme map
surface 27 scheme map
surface 28 scheme map
surface 29 scheme map
surface 30 scheme map
surface 31 scheme map
surface 32 scheme map
surface 33 scheme map
surface 34 scheme map
surface 35 scheme map
surface 36 scheme map
surface 37 scheme map
surface 38 scheme map
surface 39 scheme map
surface 40 scheme map
surface 41 scheme map
surface 42 scheme map
surface 43 scheme map
surface 44 scheme map
surface 45 scheme map
surface 46 scheme map
surface 47 scheme map
surface 48 scheme map
surface 49 scheme map
surface 50 scheme map
surface 51 scheme map
surface 52 scheme map
surface 53 scheme map
surface 54 scheme map
surface 55 scheme map
surface 56 scheme map
surface 57 scheme map
surface 58 scheme map
surface 59 scheme map
surface 60 scheme map
surface 61 scheme map
surface 62 scheme map
surface 63 scheme map
surface 64 scheme map
surface 65 scheme map
surface 66 scheme map
surface 67 scheme map
surface 68 scheme map
surface 69 scheme map
surface 70 scheme map
surface 71 scheme map
surface 72 scheme map
surface 73 scheme map
surface 74 scheme map
surface 75 scheme map
mesh surface all
