modify material 1 set property 'VP' value 1200
modify material 1 set property 'VS' value 600
modify material 1 set property 'DENSITY' value 1800
modify material 1 set property 'MASS_MATRIX_DAMPING' value 0
modify material 2 set property 'VP' value 1200
modify material 2 set property 'VS' value 600
modify material 2 set property 'DENSITY' value 1800
modify material 2 set property 'MASS_MATRIX_DAMPING' value 0
modify material 3 set property 'VP' value 1200
modify material 3 set property 'VS' value 600
modify material 3 set property 'DENSITY' value 1800
modify material 3 set property 'MASS_MATRIX_DAMPING' value 0
modify material 4 set property 'VP' value 1200
modify material 4 set property 'VS' value 600
modify material 4 set property 'DENSITY' value 1800
modify material 4 set property 'MASS_MATRIX_DAMPING' value 0
modify material 5 set property 'VP' value 1200
modify material 5 set property 'VS' value 600
modify material 5 set property 'DENSITY' value 1800
modify material 5 set property 'MASS_MATRIX_DAMPING' value 0
modify material 6 set property 'VP' value 1200
modify material 6 set property 'VS' value 600
modify material 6 set property 'DENSITY' value 1800
modify material 6 set property 'MASS_MATRIX_DAMPING' value 0
modify material 7 set property 'VP' value 1200
modify material 7 set property 'VS' value 600
modify material 7 set property 'DENSITY' value 1800
modify material 7 set property 'MASS_MATRIX_DAMPING' value 0
modify material 8 set property 'VP' value 1200
modify material 8 set property 'VS' value 600
modify material 8 set property 'DENSITY' value 1800
modify material 8 set property 'MASS_MATRIX_DAMPING' value 0
modify material 9 set property 'VP' value 1200
modify material 9 set property 'VS' value 600
modify material 9 set property 'DENSITY' value 1800
modify material 9 set property 'MASS_MATRIX_DAMPING' value 0
modify material 10 set property 'VP' value 1200
modify material 10 set property 'VS' value 600
modify material 10 set property 'DENSITY' value 1800
modify material 10 set property 'MASS_MATRIX_DAMPING' value 0
modify material 11 set property 'VP' value 1200
modify material 11 set property 'VS' value 600
modify material 11 set property 'DENSITY' value 1800
modify material 11 set property 'MASS_MATRIX_DAMPING' value 0
modify material 12 set property 'VP' value 1200
modify material 12 set property 'VS' value 600
modify material 12 set property 'DENSITY' value 1800
modify material 12 set property 'MASS_MATRIX_DAMPING' value 0
modify material 13 set property 'VP' value 1200
modify material 13 set property 'VS' value 600
modify material 13 set property 'DENSITY' value 1800
modify material 13 set property 'MASS_MATRIX_DAMPING' value 0
modify material 14 set property 'VP' value 1200
modify material 14 set property 'VS' value 600
modify material 14 set property 'DENSITY' value 1800
modify material 14 set property 'MASS_MATRIX_DAMPING' value 0
modify material 15 set property 'VP' value 1200
modify material 15 set property 'VS' value 600
modify material 15 set property 'DENSITY' value 1800
modify material 15 set property 'MASS_MATRIX_DAMPING' value 0
modify material 16 set property 'VP' value 1200
modify material 16 set property 'VS' value 600
modify material 16 set property 'DENSITY' value 1800
modify material 16 set property 'MASS_MATRIX_DAMPING' value 0
modify material 17 set property 'VP' value 1200
modify material 17 set property 'VS' value 600
modify material 17 set property 'DENSITY' value 1800
modify material 17 set property 'MASS_MATRIX_DAMPING' value 0
modify material 18 set property 'VP' value 1200
modify material 18 set property 'VS' value 600
modify material 18 set property 'DENSITY' value 1800
modify material 18 set property 'MASS_MATRIX_DAMPING' value 0
modify material 19 set property 'VP' value 1200
modify material 19 set property 'VS' value 600
modify material 19 set property 'DENSITY' value 1800
modify material 19 set property 'MASS_MATRIX_DAMPING' value 0
modify material 20 set property 'VP' value 1200
modify material 20 set property 'VS' value 600
modify material 20 set property 'DENSITY' value 1800
modify material 20 set property 'MASS_MATRIX_DAMPING' value 0
modify material 21 set property 'VP' value 1200
modify material 21 set property 'VS' value 600
modify material 21 set property 'DENSITY' value 1800
modify material 21 set property 'MASS_MATRIX_DAMPING' value 0
modify material 22 set property 'VP' value 1200
modify material 22 set property 'VS' value 600
modify material 22 set property 'DENSITY' value 1800
modify material 22 set property 'MASS_MATRIX_DAMPING' value 0
modify material 23 set property 'VP' value 1200
modify material 23 set property 'VS' value 600
modify material 23 set property 'DENSITY' value 1800
modify material 23 set property 'MASS_MATRIX_DAMPING' value 0
modify material 24 set property 'VP' value 1200
modify material 24 set property 'VS' value 600
modify material 24 set property 'DENSITY' value 1800
modify material 24 set property 'MASS_MATRIX_DAMPING' value 0
modify material 25 set property 'VP' value 1200
modify material 25 set property 'VS' value 600
modify material 25 set property 'DENSITY' value 1800
modify material 25 set property 'MASS_MATRIX_DAMPING' value 0
modify material 26 set property 'VP' value 1200
modify material 26 set property 'VS' value 600
modify material 26 set property 'DENSITY' value 1800
modify material 26 set property 'MASS_MATRIX_DAMPING' value 0
modify material 27 set property 'VP' value 1200
modify material 27 set property 'VS' value 600
modify material 27 set property 'DENSITY' value 1800
modify material 27 set property 'MASS_MATRIX_DAMPING' value 0
modify material 28 set property 'VP' value 1200
modify material 28 set property 'VS' value 600
modify material 28 set property 'DENSITY' value 1800
modify material 28 set property 'MASS_MATRIX_DAMPING' value 0
modify material 29 set property 'VP' value 1200
modify material 29 set property 'VS' value 600
modify material 29 set property 'DENSITY' value 1800
modify material 29 set property 'MASS_MATRIX_DAMPING' value 0
modify material 30 set property 'VP' value 1200
modify material 30 set property 'VS' value 600
modify material 30 set property 'DENSITY' value 1800
modify material 30 set property 'MASS_MATRIX_DAMPING' value 0
modify material 31 set property 'VP' value 1200
modify material 31 set property 'VS' value 600
modify material 31 set property 'DENSITY' value 1800
modify material 31 set property 'MASS_MATRIX_DAMPING' value 0
modify material 32 set property 'VP' value 1200
modify material 32 set property 'VS' value 600
modify material 32 set property 'DENSITY' value 1800
modify material 32 set property 'MASS_MATRIX_DAMPING' value 0
modify material 33 set property 'VP' value 1200
modify material 33 set property 'VS' value 600
modify material 33 set property 'DENSITY' value 1800
modify material 33 set property 'MASS_MATRIX_DAMPING' value 0
modify material 34 set property 'VP' value 1200
modify material 34 set property 'VS' value 600
modify material 34 set property 'DENSITY' value 1800
modify material 34 set property 'MASS_MATRIX_DAMPING' value 0
modify material 35 set property 'VP' value 1200
modify material 35 set property 'VS' value 600
modify material 35 set property 'DENSITY' value 1800
modify material 35 set property 'MASS_MATRIX_DAMPING' value 0
modify material 36 set property 'VP' value 1200
modify material 36 set property 'VS' value 600
modify material 36 set property 'DENSITY' value 1800
modify material 36 set property 'MASS_MATRIX_DAMPING' value 0
modify material 37 set property 'VP' value 1200
modify material 37 set property 'VS' value 600
modify material 37 set property 'DENSITY' value 1800
modify material 37 set property 'MASS_MATRIX_DAMPING' value 0
modify material 38 set property 'VP' value 1200
modify material 38 set property 'VS' value 600
modify material 38 set property 'DENSITY' value 1800
modify material 38 set property 'MASS_MATRIX_DAMPING' value 0
modify material 39 set property 'VP' value 1200
modify material 39 set property 'VS' value 600
modify material 39 set property 'DENSITY' value 1800
modify material 39 set property 'MASS_MATRIX_DAMPING' value 0
modify material 40 set property 'VP' value 1200
modify material 40 set property 'VS' value 600
modify material 40 set property 'DENSITY' value 1800
modify material 40 set property 'MASS_MATRIX_DAMPING' value 0
modify material 41 set property 'VP' value 1200
modify material 41 set property 'VS' value 600
modify material 41 set property 'DENSITY' value 1800
modify material 41 set property 'MASS_MATRIX_DAMPING' value 0
modify material 42 set property 'VP' value 1200
modify material 42 set property 'VS' value 600
modify material 42 set property 'DENSITY' value 1800
modify material 42 set property 'MASS_MATRIX_DAMPING' value 0
modify material 43 set property 'VP' value 1200
modify material 43 set property 'VS' value 600
modify material 43 set property 'DENSITY' value 1800
modify material 43 set property 'MASS_MATRIX_DAMPING' value 0
modify material 44 set property 'VP' value 1200
modify material 44 set property 'VS' value 600
modify material 44 set property 'DENSITY' value 1800
modify material 44 set property 'MASS_MATRIX_DAMPING' value 0
modify material 45 set property 'VP' value 1200
modify material 45 set property 'VS' value 600
modify material 45 set property 'DENSITY' value 1800
modify material 45 set property 'MASS_MATRIX_DAMPING' value 0
modify material 46 set property 'VP' value 1200
modify material 46 set property 'VS' value 600
modify material 46 set property 'DENSITY' value 1800
modify material 46 set property 'MASS_MATRIX_DAMPING' value 0
modify material 47 set property 'VP' value 1200
modify material 47 set property 'VS' value 600
modify material 47 set property 'DENSITY' value 1800
modify material 47 set property 'MASS_MATRIX_DAMPING' value 0
modify material 48 set property 'VP' value 1200
modify material 48 set property 'VS' value 600
modify material 48 set property 'DENSITY' value 1800
modify material 48 set property 'MASS_MATRIX_DAMPING' value 0
modify material 49 set property 'VP' value 1200
modify material 49 set property 'VS' value 600
modify material 49 set property 'DENSITY' value 1800
modify material 49 set property 'MASS_MATRIX_DAMPING' value 0
modify material 50 set property 'VP' value 1200
modify material 50 set property 'VS' value 600
modify material 50 set property 'DENSITY' value 1800
modify material 50 set property 'MASS_MATRIX_DAMPING' value 0
modify material 51 set property 'VP' value 1200
modify material 51 set property 'VS' value 600
modify material 51 set property 'DENSITY' value 1800
modify material 51 set property 'MASS_MATRIX_DAMPING' value 0
modify material 52 set property 'VP' value 1200
modify material 52 set property 'VS' value 600
modify material 52 set property 'DENSITY' value 1800
modify material 52 set property 'MASS_MATRIX_DAMPING' value 0
modify material 53 set property 'VP' value 1200
modify material 53 set property 'VS' value 600
modify material 53 set property 'DENSITY' value 1800
modify material 53 set property 'MASS_MATRIX_DAMPING' value 0
modify material 54 set property 'VP' value 1200
modify material 54 set property 'VS' value 600
modify material 54 set property 'DENSITY' value 1800
modify material 54 set property 'MASS_MATRIX_DAMPING' value 0
modify material 55 set property 'VP' value 1200
modify material 55 set property 'VS' value 600
modify material 55 set property 'DENSITY' value 1800
modify material 55 set property 'MASS_MATRIX_DAMPING' value 0
modify material 56 set property 'VP' value 1200
modify material 56 set property 'VS' value 600
modify material 56 set property 'DENSITY' value 1800
modify material 56 set property 'MASS_MATRIX_DAMPING' value 0
modify material 57 set property 'VP' value 1200
modify material 57 set property 'VS' value 600
modify material 57 set property 'DENSITY' value 1800
modify material 57 set property 'MASS_MATRIX_DAMPING' value 0
modify material 58 set property 'VP' value 1200
modify material 58 set property 'VS' value 600
modify material 58 set property 'DENSITY' value 1800
modify material 58 set property 'MASS_MATRIX_DAMPING' value 0
modify material 59 set property 'VP' value 1200
modify material 59 set property 'VS' value 600
modify material 59 set property 'DENSITY' value 1800
modify material 59 set property 'MASS_MATRIX_DAMPING' value 0
modify material 60 set property 'VP' value 1200
modify material 60 set property 'VS' value 600
modify material 60 set property 'DENSITY' value 1800
modify material 60 set property 'MASS_MATRIX_DAMPING' value 0
modify material 61 set property 'VP' value 1200
modify material 61 set property 'VS' value 600
modify material 61 set property 'DENSITY' value 1800
modify material 61 set property 'MASS_MATRIX_DAMPING' value 0
modify material 62 set property 'VP' value 1200
modify material 62 set property 'VS' value 600
modify material 62 set property 'DENSITY' value 1800
modify material 62 set property 'MASS_MATRIX_DAMPING' value 0
modify material 63 set property 'VP' value 1200
modify material 63 set property 'VS' value 600
modify material 63 set property 'DENSITY' value 1800
modify material 63 set property 'MASS_MATRIX_DAMPING' value 0
modify material 64 set property 'VP' value 1200
modify material 64 set property 'VS' value 600
modify material 64 set property 'DENSITY' value 1800
modify material 64 set property 'MASS_MATRIX_DAMPING' value 0
modify material 65 set property 'VP' value 1200
modify material 65 set property 'VS' value 600
modify material 65 set property 'DENSITY' value 1800
modify material 65 set property 'MASS_MATRIX_DAMPING' value 0
modify material 66 set property 'VP' value 1200
modify material 66 set property 'VS' value 600
modify material 66 set property 'DENSITY' value 1800
modify material 66 set property 'MASS_MATRIX_DAMPING' value 0
modify material 67 set property 'VP' value 1200
modify material 67 set property 'VS' value 600
modify material 67 set property 'DENSITY' value 1800
modify material 67 set property 'MASS_MATRIX_DAMPING' value 0
modify material 68 set property 'VP' value 1200
modify material 68 set property 'VS' value 600
modify material 68 set property 'DENSITY' value 1800
modify material 68 set property 'MASS_MATRIX_DAMPING' value 0
modify material 69 set property 'VP' value 1200
modify material 69 set property 'VS' value 600
modify material 69 set property 'DENSITY' value 1800
modify material 69 set property 'MASS_MATRIX_DAMPING' value 0
modify material 70 set property 'VP' value 1200
modify material 70 set property 'VS' value 600
modify material 70 set property 'DENSITY' value 1800
modify material 70 set property 'MASS_MATRIX_DAMPING' value 0
modify material 71 set property 'VP' value 1200
modify material 71 set property 'VS' value 600
modify material 71 set property 'DENSITY' value 1800
modify material 71 set property 'MASS_MATRIX_DAMPING' value 0
modify material 72 set property 'VP' value 1200
modify material 72 set property 'VS' value 600
modify material 72 set property 'DENSITY' value 1800
modify material 72 set property 'MASS_MATRIX_DAMPING' value 0
modify material 73 set property 'VP' value 1200
modify material 73 set property 'VS' value 600
modify material 73 set property 'DENSITY' value 1800
modify material 73 set property 'MASS_MATRIX_DAMPING' value 0
modify material 74 set property 'VP' value 1200
modify material 74 set property 'VS' value 600
modify material 74 set property 'DENSITY' value 1800
modify material 74 set property 'MASS_MATRIX_DAMPING' value 0
modify material 75 set property 'VP' value 1200
modify material 75 set property 'VS' value 600
modify material 75 set property 'DENSITY' value 1800
modify material 75 set property 'MASS_MATRIX_DAMPING' value 0
