delete mesh surface all
surface 1 scheme map
mesh surface 1
surface 4 scheme map
mesh surface 4
surface 7 scheme map
mesh surface 7
surface 10 scheme map
mesh surface 10
surface 13 scheme map
mesh surface 13
surface 16 scheme map
mesh surface 16
surface 19 scheme map
mesh surface 19
surface 22 scheme map
mesh surface 22
surface 25 scheme map
mesh surface 25
surface 28 scheme map
mesh surface 28
surface 31 scheme map
mesh surface 31
surface 34 scheme map
mesh surface 34
surface 37 scheme map
mesh surface 37
surface 40 scheme map
mesh surface 40
surface 43 scheme map
mesh surface 43
surface 46 scheme map
mesh surface 46
surface 49 scheme map
mesh surface 49
surface 52 scheme map
mesh surface 52
surface 55 scheme map
mesh surface 55
surface 58 scheme map
mesh surface 58
surface 61 scheme map
mesh surface 61
surface 64 scheme map
mesh surface 64
surface 67 scheme map
mesh surface 67
surface 70 scheme map
mesh surface 70
surface 73 scheme map
mesh surface 73
surface 76 scheme map
mesh surface 76
surface 79 scheme map
mesh surface 79
surface 82 scheme map
mesh surface 82
surface 85 scheme map
mesh surface 85
surface 88 scheme map
mesh surface 88
surface 91 scheme map
mesh surface 91
surface 94 scheme map
mesh surface 94
surface 97 scheme map
mesh surface 97
surface 100 scheme map
mesh surface 100
surface 103 scheme map
mesh surface 103
surface 106 scheme map
mesh surface 106
surface 109 scheme map
mesh surface 109
surface 112 scheme map
mesh surface 112
surface 115 scheme map
mesh surface 115
surface 118 scheme map
mesh surface 118
surface 121 scheme map
mesh surface 121
surface 124 scheme map
mesh surface 124
surface 127 scheme map
mesh surface 127
surface 130 scheme map
mesh surface 130
surface 133 scheme map
mesh surface 133
surface 136 scheme map
mesh surface 136
surface 139 scheme map
mesh surface 139
surface 142 scheme map
mesh surface 142
surface 145 scheme map
mesh surface 145
surface 148 scheme map
mesh surface 148
surface 151 scheme map
mesh surface 151
surface 154 scheme map
mesh surface 154
surface 157 scheme map
mesh surface 157
surface 160 scheme map
mesh surface 160
surface 163 scheme map
mesh surface 163
surface 166 scheme map
mesh surface 166
surface 169 scheme map
mesh surface 169
surface 172 scheme map
mesh surface 172
surface 175 scheme map
mesh surface 175
surface 178 scheme map
mesh surface 178
surface 181 scheme map
mesh surface 181
surface 184 scheme map
mesh surface 184
surface 187 scheme map
mesh surface 187
surface 190 scheme map
mesh surface 190
surface 193 scheme map
mesh surface 193
surface 196 scheme map
mesh surface 196
surface 199 scheme map
mesh surface 199
surface 202 scheme map
mesh surface 202
surface 205 scheme map
mesh surface 205
surface 208 scheme map
mesh surface 208
surface 211 scheme map
mesh surface 211
surface 214 scheme map
mesh surface 214
surface 217 scheme map
mesh surface 217
surface 220 scheme map
mesh surface 220
surface 223 scheme map
mesh surface 223
surface 3 scheme map
mesh surface 3
surface 6 scheme map
mesh surface 6
surface 9 scheme map
mesh surface 9
surface 12 scheme map
mesh surface 12
surface 15 scheme map
mesh surface 15
surface 18 scheme map
mesh surface 18
surface 21 scheme map
mesh surface 21
surface 24 scheme map
mesh surface 24
surface 27 scheme map
mesh surface 27
surface 30 scheme map
mesh surface 30
surface 33 scheme map
mesh surface 33
surface 36 scheme map
mesh surface 36
surface 39 scheme map
mesh surface 39
surface 42 scheme map
mesh surface 42
surface 45 scheme map
mesh surface 45
surface 48 scheme map
mesh surface 48
surface 51 scheme map
mesh surface 51
surface 54 scheme map
mesh surface 54
surface 57 scheme map
mesh surface 57
surface 60 scheme map
mesh surface 60
surface 63 scheme map
mesh surface 63
surface 66 scheme map
mesh surface 66
surface 69 scheme map
mesh surface 69
surface 72 scheme map
mesh surface 72
surface 75 scheme map
mesh surface 75
surface 78 scheme map
mesh surface 78
surface 81 scheme map
mesh surface 81
surface 84 scheme map
mesh surface 84
surface 87 scheme map
mesh surface 87
surface 90 scheme map
mesh surface 90
surface 93 scheme map
mesh surface 93
surface 96 scheme map
mesh surface 96
surface 99 scheme map
mesh surface 99
surface 102 scheme map
mesh surface 102
surface 105 scheme map
mesh surface 105
surface 108 scheme map
mesh surface 108
surface 111 scheme map
mesh surface 111
surface 114 scheme map
mesh surface 114
surface 117 scheme map
mesh surface 117
surface 120 scheme map
mesh surface 120
surface 123 scheme map
mesh surface 123
surface 126 scheme map
mesh surface 126
surface 129 scheme map
mesh surface 129
surface 132 scheme map
mesh surface 132
surface 135 scheme map
mesh surface 135
surface 138 scheme map
mesh surface 138
surface 141 scheme map
mesh surface 141
surface 144 scheme map
mesh surface 144
surface 147 scheme map
mesh surface 147
surface 150 scheme map
mesh surface 150
surface 153 scheme map
mesh surface 153
surface 156 scheme map
mesh surface 156
surface 159 scheme map
mesh surface 159
surface 162 scheme map
mesh surface 162
surface 165 scheme map
mesh surface 165
surface 168 scheme map
mesh surface 168
surface 171 scheme map
mesh surface 171
surface 174 scheme map
mesh surface 174
surface 177 scheme map
mesh surface 177
surface 180 scheme map
mesh surface 180
surface 183 scheme map
mesh surface 183
surface 186 scheme map
mesh surface 186
surface 189 scheme map
mesh surface 189
surface 192 scheme map
mesh surface 192
surface 195 scheme map
mesh surface 195
surface 198 scheme map
mesh surface 198
surface 201 scheme map
mesh surface 201
surface 204 scheme map
mesh surface 204
surface 207 scheme map
mesh surface 207
surface 210 scheme map
mesh surface 210
surface 213 scheme map
mesh surface 213
surface 216 scheme map
mesh surface 216
surface 219 scheme map
mesh surface 219
surface 222 scheme map
mesh surface 222
surface 225 scheme map
mesh surface 225
surface 2 scheme pave
mesh surface 2
surface 5 scheme pave
mesh surface 5
surface 8 scheme pave
mesh surface 8
surface 11 scheme map
mesh surface 11
surface 14 scheme pave
mesh surface 14
surface 17 scheme pave
mesh surface 17
surface 20 scheme pave
mesh surface 20
surface 23 scheme pave
mesh surface 23
surface 26 scheme pave
mesh surface 26
surface 29 scheme pave
mesh surface 29
surface 32 scheme pave
mesh surface 32
surface 35 scheme map
mesh surface 35
surface 38 scheme pave
mesh surface 38
surface 41 scheme pave
mesh surface 41
surface 44 scheme map
mesh surface 44
surface 47 scheme map
mesh surface 47
surface 50 scheme map
mesh surface 50
surface 53 scheme map
mesh surface 53
surface 56 scheme pave
mesh surface 56
surface 59 scheme pave
mesh surface 59
surface 62 scheme pave
mesh surface 62
surface 65 scheme pave
mesh surface 65
surface 68 scheme map
mesh surface 68
surface 71 scheme map
mesh surface 71
surface 74 scheme pave
mesh surface 74
surface 77 scheme map
mesh surface 77
surface 80 scheme map
mesh surface 80
surface 83 scheme pave
mesh surface 83
surface 86 scheme map
mesh surface 86
surface 89 scheme map
mesh surface 89
surface 92 scheme pave
mesh surface 92
surface 95 scheme pave
mesh surface 95
surface 98 scheme pave
mesh surface 98
surface 101 scheme pave
mesh surface 101
surface 104 scheme pave
mesh surface 104
surface 107 scheme pave
mesh surface 107
surface 110 scheme pave
mesh surface 110
surface 113 scheme map
mesh surface 113
surface 116 scheme pave
mesh surface 116
surface 119 scheme map
mesh surface 119
surface 122 scheme pave
mesh surface 122
surface 125 scheme pave
mesh surface 125
surface 128 scheme pave
mesh surface 128
surface 131 scheme pave
mesh surface 131
surface 134 scheme pave
mesh surface 134
surface 137 scheme pave
mesh surface 137
surface 140 scheme pave
mesh surface 140
surface 143 scheme pave
mesh surface 143
surface 146 scheme pave
mesh surface 146
surface 149 scheme pave
mesh surface 149
surface 152 scheme pave
mesh surface 152
surface 155 scheme pave
mesh surface 155
surface 158 scheme pave
mesh surface 158
surface 161 scheme pave
mesh surface 161
surface 164 scheme pave
mesh surface 164
surface 167 scheme pave
mesh surface 167
surface 170 scheme pave
mesh surface 170
surface 173 scheme pave
mesh surface 173
surface 176 scheme pave
mesh surface 176
surface 179 scheme pave
mesh surface 179
surface 182 scheme pave
mesh surface 182
surface 185 scheme pave
mesh surface 185
surface 188 scheme map
mesh surface 188
surface 191 scheme map
mesh surface 191
surface 194 scheme pave
mesh surface 194
surface 197 scheme pave
mesh surface 197
surface 200 scheme pave
mesh surface 200
surface 203 scheme map
mesh surface 203
surface 206 scheme map
mesh surface 206
surface 209 scheme pave
mesh surface 209
surface 212 scheme pave
mesh surface 212
surface 215 scheme pave
mesh surface 215
surface 218 scheme pave
mesh surface 218
surface 221 scheme pave
mesh surface 221
surface 224 scheme pave
mesh surface 224
